Component: ARM Compiler 5.05 update 1 (build 106) Tool: armlink [4d0efa]

==============================================================================

Section Cross References

    startup_stm32f10x_hd.o(RESET) refers to startup_stm32f10x_hd.o(STACK) for __initial_sp
    startup_stm32f10x_hd.o(RESET) refers to startup_stm32f10x_hd.o(.text) for Reset_Handler
    startup_stm32f10x_hd.o(RESET) refers to stm32f10x_it.o(.text) for NMI_Handler
    startup_stm32f10x_hd.o(.text) refers to system_stm32f10x.o(.text) for SystemInit
    startup_stm32f10x_hd.o(.text) refers to entry.o(.ARM.Collect$$$$00000000) for __main
    system_stm32f10x.o(.text) refers to system_stm32f10x.o(.data) for SystemCoreClock
    stm32f10x_adc.o(.text) refers to stm32f10x_rcc.o(.text) for RCC_APB2PeriphResetCmd
    stm32f10x_bkp.o(.text) refers to stm32f10x_rcc.o(.text) for RCC_BackupResetCmd
    stm32f10x_can.o(.text) refers to stm32f10x_rcc.o(.text) for RCC_APB1PeriphResetCmd
    stm32f10x_cec.o(.text) refers to stm32f10x_rcc.o(.text) for RCC_APB1PeriphResetCmd
    stm32f10x_dac.o(.text) refers to stm32f10x_rcc.o(.text) for RCC_APB1PeriphResetCmd
    stm32f10x_gpio.o(.text) refers to stm32f10x_rcc.o(.text) for RCC_APB2PeriphResetCmd
    stm32f10x_i2c.o(.text) refers to stm32f10x_rcc.o(.text) for RCC_APB1PeriphResetCmd
    stm32f10x_pwr.o(.text) refers to stm32f10x_rcc.o(.text) for RCC_APB1PeriphResetCmd
    stm32f10x_rcc.o(.text) refers to stm32f10x_rcc.o(.data) for APBAHBPrescTable
    stm32f10x_spi.o(.text) refers to stm32f10x_rcc.o(.text) for RCC_APB2PeriphResetCmd
    stm32f10x_tim.o(.text) refers to stm32f10x_rcc.o(.text) for RCC_APB2PeriphResetCmd
    stm32f10x_usart.o(.text) refers to stm32f10x_rcc.o(.text) for RCC_APB2PeriphResetCmd
    stm32f10x_wwdg.o(.text) refers to stm32f10x_rcc.o(.text) for RCC_APB1PeriphResetCmd
    main.o(.text) refers to dadd.o(.text) for __aeabi_dsub
    main.o(.text) refers to dmul.o(.text) for __aeabi_dmul
    main.o(.text) refers to sin.o(i.sin) for sin
    main.o(.text) refers to cos.o(i.cos) for cos
    main.o(.text) refers to sqrt.o(i.sqrt) for sqrt
    main.o(.text) refers to ddiv.o(.text) for __aeabi_ddiv
    main.o(.text) refers to asin.o(i.asin) for asin
    main.o(.text) refers to printfa.o(i.__0printf) for __2printf
    main.o(.text) refers to stm32f10x_rcc.o(.text) for RCC_APB1PeriphClockCmd
    main.o(.text) refers to stm32f10x_tim.o(.text) for TIM_TimeBaseInit
    main.o(.text) refers to misc.o(.text) for NVIC_Init
    main.o(.text) refers to stm32f10x_gpio.o(.text) for GPIO_Init
    main.o(.text) refers to stm32f10x_exti.o(.text) for EXTI_Init
    main.o(.text) refers to memseta.o(.text) for __aeabi_memclr4
    main.o(.text) refers to memcpya.o(.text) for __aeabi_memcpy4
    main.o(.text) refers to strstr.o(.text) for strstr
    main.o(.text) refers to strchr.o(.text) for strchr
    main.o(.text) refers to strncpy.o(.text) for strncpy
    main.o(.text) refers to main.o(.bss) for his_data
    main.o(.text) refers to system_stm32f10x.o(.data) for SystemCoreClock
    main.o(.text) refers to strtok.o(.text) for strtok
    main.o(.text) refers to dflti.o(.text) for __aeabi_i2d
    main.o(.text) refers to strtod.o(i.strtod) for strtod
    main.o(.text) refers to stm32f10x_usart.o(.text) for USART_DeInit
    main.o(.text) refers to delay.o(.text) for DelayInit
    main.o(.text) refers to oled_i2c.o(.text) for I2C_Configuration
    main.o(.text) refers to cdcmple.o(.text) for __aeabi_cdcmpeq
    main.o(.text) refers to main.o(.data) for buf_index
    main.o(.text) refers to printfa.o(i.__0snprintf) for __2snprintf
    stm32f10x_it.o(.text) refers to stm32f10x_usart.o(.text) for USART_GetITStatus
    stm32f10x_it.o(.text) refers to stm32f10x_tim.o(.text) for TIM_GetITStatus
    stm32f10x_it.o(.text) refers to stm32f10x_exti.o(.text) for EXTI_GetITStatus
    stm32f10x_it.o(.text) refers to main.o(.data) for buf_index
    stm32f10x_it.o(.text) refers to main.o(.bss) for RX_BUF
    led.o(.text) refers to stm32f10x_rcc.o(.text) for RCC_APB2PeriphClockCmd
    led.o(.text) refers to stm32f10x_gpio.o(.text) for GPIO_Init
    oled_i2c.o(.text) refers to stm32f10x_rcc.o(.text) for RCC_APB1PeriphClockCmd
    oled_i2c.o(.text) refers to stm32f10x_gpio.o(.text) for GPIO_Init
    oled_i2c.o(.text) refers to stm32f10x_i2c.o(.text) for I2C_DeInit
    oled_i2c.o(.text) refers to delay.o(.text) for DelayMs
    oled_i2c.o(.text) refers to oled_i2c.o(.constdata) for F6x8
    oled_i2c.o(.text) refers to oled_i2c.o(.data) for F16x16
    delay.o(.text) refers to misc.o(.text) for SysTick_CLKSourceConfig
    delay.o(.text) refers to system_stm32f10x.o(.data) for SystemCoreClock
    delay.o(.text) refers to delay.o(.data) for fac_us
    asin.o(i.__softfp_asin) refers (Special) to iusefp.o(.text) for __I$use$fp
    asin.o(i.__softfp_asin) refers to asin.o(i.asin) for asin
    asin.o(i.asin) refers (Special) to iusefp.o(.text) for __I$use$fp
[...]
    dunder.o(i.__mathlib_dbl_divzero) refers to ddiv.o(.text) for __aeabi_ddiv
    dunder.o(i.__mathlib_dbl_infnan) refers to dscalb.o(.text) for __ARM_scalbn
    dunder.o(i.__mathlib_dbl_infnan2) refers to dadd.o(.text) for __aeabi_dadd
    dunder.o(i.__mathlib_dbl_invalid) refers to ddiv.o(.text) for __aeabi_ddiv
    dunder.o(i.__mathlib_dbl_overflow) refers to dscalb.o(.text) for __ARM_scalbn
    dunder.o(i.__mathlib_dbl_posinfnan) refers to dmul.o(.text) for __aeabi_dmul
    dunder.o(i.__mathlib_dbl_underflow) refers to dscalb.o(.text) for __ARM_scalbn
    fpclassify.o(i.__ARM_fpclassify) refers (Special) to iusefp.o(.text) for __I$use$fp
    poly.o(i.__kernel_poly) refers (Special) to iusefp.o(.text) for __I$use$fp
    poly.o(i.__kernel_poly) refers to dmul.o(.text) for __aeabi_dmul
    poly.o(i.__kernel_poly) refers to dadd.o(.text) for __aeabi_dadd
    rred.o(i.__ieee754_rem_pio2) refers (Special) to iusefp.o(.text) for __I$use$fp
    rred.o(i.__ieee754_rem_pio2) refers to dadd.o(.text) for __aeabi_dsub
    rred.o(i.__ieee754_rem_pio2) refers to dmul.o(.text) for __aeabi_dmul
    rred.o(i.__ieee754_rem_pio2) refers to dfixi.o(.text) for __aeabi_d2iz
    rred.o(i.__ieee754_rem_pio2) refers to dflti.o(.text) for __aeabi_i2d
    rred.o(i.__ieee754_rem_pio2) refers to dfltui.o(.text) for __aeabi_ui2d
    rred.o(i.__ieee754_rem_pio2) refers to dscalb.o(.text) for __ARM_scalbn
    rred.o(i.__ieee754_rem_pio2) refers to rred.o(.constdata) for .constdata
    rred.o(i.__use_accurate_range_reduction) refers (Special) to iusefp.o(.text) for __I$use$fp
    rred.o(.constdata) refers (Special) to iusefp.o(.text) for __I$use$fp
    sin_i.o(i.__kernel_sin) refers (Special) to iusefp.o(.text) for __I$use$fp
    sin_i.o(i.__kernel_sin) refers to fpclassify.o(i.__ARM_fpclassify) for __ARM_fpclassify
    sin_i.o(i.__kernel_sin) refers to dunder.o(i.__mathlib_dbl_underflow) for __mathlib_dbl_underflow
    sin_i.o(i.__kernel_sin) refers to dmul.o(.text) for __aeabi_dmul
    sin_i.o(i.__kernel_sin) refers to poly.o(i.__kernel_poly) for __kernel_poly
    sin_i.o(i.__kernel_sin) refers to dscalb.o(.text) for __ARM_scalbn
    sin_i.o(i.__kernel_sin) refers to dadd.o(.text) for __aeabi_dsub
    sin_i.o(i.__kernel_sin) refers to sin_i.o(.constdata) for .constdata
    sin_i.o(.constdata) refers (Special) to iusefp.o(.text) for __I$use$fp
    sin_i_x.o(i.____kernel_sin$lsc) refers (Special) to iusefp.o(.text) for __I$use$fp
    sin_i_x.o(i.____kernel_sin$lsc) refers to dmul.o(.text) for __aeabi_dmul
    sin_i_x.o(i.____kernel_sin$lsc) refers to poly.o(i.__kernel_poly) for __kernel_poly
    sin_i_x.o(i.____kernel_sin$lsc) refers to dscalb.o(.text) for __ARM_scalbn
    sin_i_x.o(i.____kernel_sin$lsc) refers to dadd.o(.text) for __aeabi_dsub
    sin_i_x.o(i.____kernel_sin$lsc) refers to sin_i_x.o(.constdata) for .constdata
    sin_i_x.o(.constdata) refers (Special) to iusefp.o(.text) for __I$use$fp
    entry2.o(.ARM.Collect$$$$00000001) refers to entry2.o(.ARM.Collect$$$$00002712) for __lit__00000000
    entry2.o(.ARM.Collect$$$$00002712) refers to startup_stm32f10x_hd.o(STACK) for __initial_sp
    entry2.o(__vectab_stack_and_reset_area) refers to startup_stm32f10x_hd.o(STACK) for __initial_sp
    entry2.o(__vectab_stack_and_reset_area) refers to entry.o(.ARM.Collect$$$$00000000) for __main
    entry5.o(.ARM.Collect$$$$00000004) refers to init.o(.text) for __scatterload
    entry9a.o(.ARM.Collect$$$$0000000B) refers to main.o(.text) for main
    entry9b.o(.ARM.Collect$$$$0000000C) refers to main.o(.text) for main
    uldiv.o(.text) refers to llushr.o(.text) for __aeabi_llsr
    uldiv.o(.text) refers to llshl.o(.text) for __aeabi_llsl
    errno.o(i.__aeabi_errno_addr) refers to errno.o(.data) for .data
    errno.o(i.__read_errno) refers to errno.o(.data) for .data
    errno.o(i.__set_errno) refers to errno.o(.data) for .data
    strtod.o(.text) refers to scanf_fp.o(.text) for _scanf_real
    strtod.o(.text) refers to _sgetc.o(.text) for _sgetc
    strtod.o(.text) refers to isspace_c.o(.text) for isspace
    depilogue.o(.text) refers to llshl.o(.text) for __aeabi_llsl
    depilogue.o(.text) refers to llushr.o(.text) for __aeabi_llsr
    dsqrt.o(.text) refers to llushr.o(.text) for __aeabi_llsr
    dsqrt.o(.text) refers to depilogue.o(.text) for _double_round
    dfixul.o(.text) refers to llushr.o(.text) for __aeabi_llsr
    dfixul.o(.text) refers to llshl.o(.text) for __aeabi_llsl
    init.o(.text) refers to entry5.o(.ARM.Collect$$$$00000004) for __main_after_scatterload
    isspace_c.o(.text) refers to ctype_c.o(.text) for __ctype_lookup
    scanf_fp.o(.text) refers (Special) to iusefp.o(.text) for __I$use$fp
    scanf_fp.o(.text) refers to dfltul.o(.text) for __aeabi_ul2d
    scanf_fp.o(.text) refers to dmul.o(.text) for __aeabi_dmul
    scanf_fp.o(.text) refers to ddiv.o(.text) for __aeabi_ddiv
    scanf_fp.o(.text) refers to scanf_fp.o(i._is_digit) for _is_digit
    scanf_fp.o(.text) refers to d2f.o(.text) for __aeabi_d2f
    dfltui.o(.text) refers to depilogue.o(.text) for _double_epilogue
    dfixi.o(.text) refers to llushr.o(.text) for __aeabi_llsr
    ctype_c.o(.text) refers to ctype_c.o(.constdata) for .constdata
    dfltul.o(.text) refers to depilogue.o(.text) for _double_epilogue
    d2f.o(.text) refers to fepilogue.o(.text) for _float_round
    scanf_fp.o(i._is_digit) refers (Special) to iusefp.o(.text) for __I$use$fp


==============================================================================

Removing Unused input sections from the image.

    Removing startup_stm32f10x_hd.o(HEAP), (512 bytes).
    Removing core_cm3.o(.emb_text), (32 bytes).
    Removing stm32f10x_adc.o(.text), (1102 bytes).
    Removing stm32f10x_bkp.o(.text), (196 bytes).
    Removing stm32f10x_can.o(.text), (2544 bytes).
    Removing stm32f10x_cec.o(.text), (288 bytes).
    Removing stm32f10x_crc.o(.text), (72 bytes).
    Removing stm32f10x_dac.o(.text), (396 bytes).
    Removing stm32f10x_dbgmcu.o(.text), (48 bytes).
    Removing stm32f10x_dma.o(.text), (596 bytes).
    Removing stm32f10x_flash.o(.text), (1468 bytes).
    Removing stm32f10x_fsmc.o(.text), (1548 bytes).
    Removing stm32f10x_iwdg.o(.text), (64 bytes).
    Removing stm32f10x_pwr.o(.text), (204 bytes).
    Removing stm32f10x_rtc.o(.text), (328 bytes).
    Removing stm32f10x_sdio.o(.text), (468 bytes).
    Removing stm32f10x_spi.o(.text), (780 bytes).
    Removing stm32f10x_wwdg.o(.text), (136 bytes).
    Removing led.o(.text), (56 bytes).

19 unused section(s) (total 10838 bytes) removed from the image.

==============================================================================

Image Symbol Table

    Local Symbols

    Symbol Name                              Value     Ov Type        Size  Object(Section)

    ../clib/../cmprslib/zerorunl2.c          0x00000000   Number         0  __dczerorl2.o ABSOLUTE
    ../clib/microlib/ctype/ctype.c           0x00000000   Number         0  ctype_c.o ABSOLUTE
    ../clib/microlib/ctype/ctype.c           0x00000000   Number         0  isspace_c.o ABSOLUTE
    ../clib/microlib/division.c              0x00000000   Number         0  uidiv.o ABSOLUTE
    ../clib/microlib/division.c              0x00000000   Number         0  uldiv.o ABSOLUTE
    ../clib/microlib/errno.c                 0x00000000   Number         0  errno.o ABSOLUTE
    ../clib/microlib/init/entry.s            0x00000000   Number         0  entry5.o ABSOLUTE
    ../clib/microlib/init/entry.s            0x00000000   Number         0  entry10b.o ABSOLUTE
    ../clib/microlib/init/entry.s            0x00000000   Number         0  entry7a.o ABSOLUTE
    ../clib/microlib/init/entry.s            0x00000000   Number         0  entry7b.o ABSOLUTE
    ../clib/microlib/init/entry.s            0x00000000   Number         0  entry8a.o ABSOLUTE
    ../clib/microlib/init/entry.s            0x00000000   Number         0  entry2.o ABSOLUTE
    ../clib/microlib/init/entry.s            0x00000000   Number         0  entry.o ABSOLUTE
    ../clib/microlib/init/entry.s            0x00000000   Number         0  entry8b.o ABSOLUTE
    ../clib/microlib/init/entry.s            0x00000000   Number         0  entry9a.o ABSOLUTE
    ../clib/microlib/init/entry.s            0x00000000   Number         0  entry9b.o ABSOLUTE
    ../clib/microlib/init/entry.s            0x00000000   Number         0  entry10a.o ABSOLUTE
    ../clib/microlib/init/entry.s            0x00000000   Number         0  entry11a.o ABSOLUTE
    ../clib/microlib/init/entry.s            0x00000000   Number         0  entry11b.o ABSOLUTE
    ../clib/microlib/longlong.c              0x00000000   Number         0  llushr.o ABSOLUTE
    ../clib/microlib/longlong.c              0x00000000   Number         0  llsshr.o ABSOLUTE
    ../clib/microlib/longlong.c              0x00000000   Number         0  llshl.o ABSOLUTE
    ../clib/microlib/printf/printf.c         0x00000000   Number         0  printfb.o ABSOLUTE
    ../clib/microlib/printf/printf.c         0x00000000   Number         0  printf8.o ABSOLUTE
    ../clib/microlib/printf/printf.c         0x00000000   Number         0  printf0.o ABSOLUTE
    ../clib/microlib/printf/printf.c         0x00000000   Number         0  printf1.o ABSOLUTE
    ../clib/microlib/printf/printf.c         0x00000000   Number         0  printf2.o ABSOLUTE
    ../clib/microlib/printf/printf.c         0x00000000   Number         0  printf3.o ABSOLUTE
    ../clib/microlib/printf/printf.c         0x00000000   Number         0  printf4.o ABSOLUTE
    ../clib/microlib/printf/printf.c         0x00000000   Number         0  printf5.o ABSOLUTE
    ../clib/microlib/printf/printf.c         0x00000000   Number         0  printf6.o ABSOLUTE
    ../clib/microlib/printf/printf.c         0x00000000   Number         0  printf7.o ABSOLUTE
    ../clib/microlib/printf/printf.c         0x00000000   Number         0  printfa.o ABSOLUTE
    ../clib/microlib/printf/stubs.s          0x00000000   Number         0  stubs.o ABSOLUTE
    ../clib/microlib/stdio/streams.c         0x00000000   Number         0  stdout.o ABSOLUTE
    ../clib/microlib/string/memcpy.c         0x00000000   Number         0  memcpyb.o ABSOLUTE
    ../clib/microlib/string/memcpy.c         0x00000000   Number         0  memcpya.o ABSOLUTE
    ../clib/microlib/string/memset.c         0x00000000   Number         0  memseta.o ABSOLUTE
    ../clib/microlib/string/strchr.c         0x00000000   Number         0  strchr.o ABSOLUTE
    ../clib/microlib/string/strncpy.c        0x00000000   Number         0  strncpy.o ABSOLUTE
    ../clib/microlib/string/strstr.c         0x00000000   Number         0  strstr.o ABSOLUTE
    ../clib/microlib/string/strtok.c         0x00000000   Number         0  strtok_r.o ABSOLUTE
    ../clib/microlib/string/strtok.c         0x00000000   Number         0  strtok.o ABSOLUTE
    ../clib/microlib/stubs.s                 0x00000000   Number         0  iusefp.o ABSOLUTE
    ../clib/scanf.c                          0x00000000   Number         0  strtod.o ABSOLUTE
    ../clib/scanf.c                          0x00000000   Number         0  _sgetc.o ABSOLUTE
    ../clib/scanf.c                          0x00000000   Number         0  scanf_fp.o ABSOLUTE
    ../fplib/microlib/d2f.c                  0x00000000   Number         0  d2f.o ABSOLUTE
    ../fplib/microlib/fpadd.c                0x00000000   Number         0  dadd.o ABSOLUTE
    ../fplib/microlib/fpdiv.c                0x00000000   Number         0  ddiv.o ABSOLUTE
    ../fplib/microlib/fpepilogue.c           0x00000000   Number         0  fepilogue.o ABSOLUTE
    ../fplib/microlib/fpepilogue.c           0x00000000   Number         0  depilogue.o ABSOLUTE
    ../fplib/microlib/fpfix.c                0x00000000   Number         0  dfixi.o ABSOLUTE
    ../fplib/microlib/fpfix.c                0x00000000   Number         0  dfixul.o ABSOLUTE
    ../fplib/microlib/fpflt.c                0x00000000   Number         0  dfltui.o ABSOLUTE
    ../fplib/microlib/fpflt.c                0x00000000   Number         0  dflti.o ABSOLUTE
    ../fplib/microlib/fpflt.c                0x00000000   Number         0  dfltul.o ABSOLUTE
    ../fplib/microlib/fpmul.c                0x00000000   Number         0  dmul.o ABSOLUTE
    ../fplib/microlib/fpscalb.c              0x00000000   Number         0  dscalb.o ABSOLUTE
    ../fplib/microlib/fpsqrt.c               0x00000000   Number         0  dsqrt.o ABSOLUTE
    ../mathlib/asin.c                        0x00000000   Number         0  asin.o ABSOLUTE
    ../mathlib/asin.c                        0x00000000   Number         0  asin_x.o ABSOLUTE
    ../mathlib/cos.c                         0x00000000   Number         0  cos_x.o ABSOLUTE
    ../mathlib/cos.c                         0x00000000   Number         0  cos.o ABSOLUTE
    ../mathlib/cos_i.c                       0x00000000   Number         0  cos_i.o ABSOLUTE
    ../mathlib/dunder.c                      0x00000000   Number         0  dunder.o ABSOLUTE
    ../mathlib/fpclassify.c                  0x00000000   Number         0  fpclassify.o ABSOLUTE
    ../mathlib/poly.c                        0x00000000   Number         0  poly.o ABSOLUTE
    ../mathlib/rred.c                        0x00000000   Number         0  rred.o ABSOLUTE
    ../mathlib/sin.c                         0x00000000   Number         0  sin_x.o ABSOLUTE
    ../mathlib/sin.c                         0x00000000   Number         0  sin.o ABSOLUTE
    ../mathlib/sin_i.c                       0x00000000   Number         0  sin_i.o ABSOLUTE
    ../mathlib/sin_i.c                       0x00000000   Number         0  sin_i_x.o ABSOLUTE
    ../mathlib/sqrt.c                        0x00000000   Number         0  sqrt_x.o ABSOLUTE
    ../mathlib/sqrt.c                        0x00000000   Number         0  sqrt.o ABSOLUTE
    ../mathlib/strtod.c                      0x00000000   Number         0  strtod.o ABSOLUTE
    ..\..\Libraries\CMSIS\core_cm3.c         0x00000000   Number         0  core_cm3.o ABSOLUTE
    ..\..\Libraries\CMSIS\startup\startup_stm32f10x_hd.s 0x00000000   Number         0  startup_stm32f10x_hd.o ABSOLUTE
    ..\..\Libraries\CMSIS\system_stm32f10x.c 0x00000000   Number         0  system_stm32f10x.o ABSOLUTE
    ..\..\Libraries\src\misc.c               0x00000000   Number         0  misc.o ABSOLUTE
    ..\..\Libraries\src\stm32f10x_adc.c      0x00000000   Number         0  stm32f10x_adc.o ABSOLUTE
    ..\..\Libraries\src\stm32f10x_bkp.c      0x00000000   Number         0  stm32f10x_bkp.o ABSOLUTE
    ..\..\Libraries\src\stm32f10x_can.c      0x00000000   Number         0  stm32f10x_can.o ABSOLUTE
    ..\..\Libraries\src\stm32f10x_cec.c      0x00000000   Number         0  stm32f10x_cec.o ABSOLUTE
    ..\..\Libraries\src\stm32f10x_crc.c      0x00000000   Number         0  stm32f10x_crc.o ABSOLUTE
    ..\..\Libraries\src\stm32f10x_dac.c      0x00000000   Number         0  stm32f10x_dac.o ABSOLUTE
    ..\..\Libraries\src\stm32f10x_dbgmcu.c   0x00000000   Number         0  stm32f10x_dbgmcu.o ABSOLUTE
    ..\..\Libraries\src\stm32f10x_dma.c      0x00000000   Number         0  stm32f10x_dma.o ABSOLUTE
    ..\..\Libraries\src\stm32f10x_exti.c     0x00000000   Number         0  stm32f10x_exti.o ABSOLUTE
    ..\..\Libraries\src\stm32f10x_flash.c    0x00000000   Number         0  stm32f10x_flash.o ABSOLUTE
    ..\..\Libraries\src\stm32f10x_fsmc.c     0x00000000   Number         0  stm32f10x_fsmc.o ABSOLUTE
    ..\..\Libraries\src\stm32f10x_gpio.c     0x00000000   Number         0  stm32f10x_gpio.o ABSOLUTE
    ..\..\Libraries\src\stm32f10x_i2c.c      0x00000000   Number         0  stm32f10x_i2c.o ABSOLUTE
    ..\..\Libraries\src\stm32f10x_iwdg.c     0x00000000   Number         0  stm32f10x_iwdg.o ABSOLUTE
    ..\..\Libraries\src\stm32f10x_pwr.c      0x00000000   Number         0  stm32f10x_pwr.o ABSOLUTE
    ..\..\Libraries\src\stm32f10x_rcc.c      0x00000000   Number         0  stm32f10x_rcc.o ABSOLUTE
    ..\..\Libraries\src\stm32f10x_rtc.c      0x00000000   Number         0  stm32f10x_rtc.o ABSOLUTE
    ..\..\Libraries\src\stm32f10x_sdio.c     0x00000000   Number         0  stm32f10x_sdio.o ABSOLUTE
    ..\..\Libraries\src\stm32f10x_spi.c      0x00000000   Number         0  stm32f10x_spi.o ABSOLUTE
    ..\..\Libraries\src\stm32f10x_tim.c      0x00000000   Number         0  stm32f10x_tim.o ABSOLUTE
    ..\..\Libraries\src\stm32f10x_usart.c    0x00000000   Number         0  stm32f10x_usart.o ABSOLUTE
    ..\..\Libraries\src\stm32f10x_wwdg.c     0x00000000   Number         0  stm32f10x_wwdg.o ABSOLUTE
    ..\..\User\OLED_I2C.c                    0x00000000   Number         0  oled_i2c.o ABSOLUTE
    ..\..\User\delay.c                       0x00000000   Number         0  delay.o ABSOLUTE
    ..\..\User\led.c                         0x00000000   Number         0  led.o ABSOLUTE
    ..\..\User\main.c                        0x00000000   Number         0  main.o ABSOLUTE
    ..\..\User\stm32f10x_it.c                0x00000000   Number         0  stm32f10x_it.o ABSOLUTE
    ..\\..\\Libraries\\CMSIS\\core_cm3.c     0x00000000   Number         0  core_cm3.o ABSOLUTE
    cdcmple.s                                0x00000000   Number         0  cdcmple.o ABSOLUTE
    cdrcmple.s                               0x00000000   Number         0  cdrcmple.o ABSOLUTE
    dc.s                                     0x00000000   Number         0  dc.o ABSOLUTE
    handlers.s                               0x00000000   Number         0  handlers.o ABSOLUTE
    init.s                                   0x00000000   Number         0  init.o ABSOLUTE
    RESET                                    0x08000000   Section      304  startup_stm32f10x_hd.o(RESET)
    .ARM.Collect$$$$00000000                 0x08000130   Section        0  entry.o(.ARM.Collect$$$$00000000)
    .ARM.Collect$$$$00000001                 0x08000130   Section        4  entry2.o(.ARM.Collect$$$$00000001)
    .ARM.Collect$$$$00000004                 0x08000134   Section        4  entry5.o(.ARM.Collect$$$$00000004)
    .ARM.Collect$$$$00000008                 0x08000138   Section        0  entry7b.o(.ARM.Collect$$$$00000008)
    .ARM.Collect$$$$0000000A                 0x08000138   Section        0  entry8b.o(.ARM.Collect$$$$0000000A)
    .ARM.Collect$$$$0000000B                 0x08000138   Section        8  entry9a.o(.ARM.Collect$$$$0000000B)
    .ARM.Collect$$$$0000000D                 0x08000140   Section        0  entry10a.o(.ARM.Collect$$$$0000000D)
    .ARM.Collect$$$$0000000F                 0x08000140   Section        0  entry11a.o(.ARM.Collect$$$$0000000F)
    .ARM.Collect$$$$00002712                 0x08000140   Section        4  entry2.o(.ARM.Collect$$$$00002712)
    __lit__00000000                          0x08000140   Data           4  entry2.o(.ARM.Collect$$$$00002712)
    .text                                    0x08000144   Section       36  startup_stm32f10x_hd.o(.text)
    .text                                    0x08000168   Section        0  system_stm32f10x.o(.text)
    SetSysClockTo72                          0x08000169   Thumb Code   214  system_stm32f10x.o(.text)
    SetSysClock                              0x0800023f   Thumb Code     8  system_stm32f10x.o(.text)
    .text                                    0x08000348   Section        0  misc.o(.text)
    .text                                    0x08000424   Section        0  stm32f10x_exti.o(.text)
    .text                                    0x08000540   Section        0  stm32f10x_gpio.o(.text)
    .text                                    0x0800089c   Section        0  stm32f10x_i2c.o(.text)
    .text                                    0x08000ca0   Section        0  stm32f10x_rcc.o(.text)
    .text                                    0x08001044   Section        0  stm32f10x_tim.o(.text)
    TI4_Config                               0x080014eb   Thumb Code   130  stm32f10x_tim.o(.text)
    TI3_Config                               0x0800157f   Thumb Code   122  stm32f10x_tim.o(.text)
    TI2_Config                               0x08001613   Thumb Code   130  stm32f10x_tim.o(.text)
    TI1_Config                               0x080016a7   Thumb Code   108  stm32f10x_tim.o(.text)
    .text                                    0x08001e60   Section        0  stm32f10x_usart.o(.text)
    .text                                    0x08002268   Section        0  main.o(.text)
    NVIC_SetPriority                         0x08002269   Thumb Code    32  main.o(.text)
    NVIC_Configuration                       0x08002529   Thumb Code    32  main.o(.text)
    .text                                    0x08002dec   Section        0  stm32f10x_it.o(.text)
    .text                                    0x08002ee0   Section        0  oled_i2c.o(.text)
    .text                                    0x080032fc   Section        0  delay.o(.text)
    .text                                    0x080033e8   Section        0  memcpya.o(.text)
    .text                                    0x0800340c   Section        0  memseta.o(.text)
    .text                                    0x08003430   Section        0  strstr.o(.text)
    .text                                    0x08003454   Section        0  strncpy.o(.text)
    .text                                    0x0800346c   Section        0  strchr.o(.text)
    .text                                    0x08003480   Section        0  strtok.o(.text)
    .text                                    0x080034c4   Section        0  dadd.o(.text)
    .text                                    0x08003612   Section        0  dmul.o(.text)
    .text                                    0x080036f6   Section        0  ddiv.o(.text)
    .text                                    0x080037d4   Section        0  dflti.o(.text)
    .text                                    0x080037f8   Section       48  cdcmple.o(.text)
    .text                                    0x08003828   Section        0  uidiv.o(.text)
    .text                                    0x08003854   Section        0  uldiv.o(.text)
    .text                                    0x080038b6   Section        0  llshl.o(.text)
    .text                                    0x080038d4   Section        0  llsshr.o(.text)
    .text                                    0x080038f8   Section        0  strtod.o(.text)
    _local_sscanf                            0x080038f9   Thumb Code    54  strtod.o(.text)
    .text                                    0x08003994   Section        0  iusefp.o(.text)
    .text                                    0x08003994   Section        0  depilogue.o(.text)
    .text                                    0x08003a4e   Section        0  dscalb.o(.text)
    .text                                    0x08003a7c   Section        0  dsqrt.o(.text)
    .text                                    0x08003b1e   Section        0  dfixul.o(.text)
    .text                                    0x08003b50   Section       48  cdrcmple.o(.text)
    .text                                    0x08003b80   Section       36  init.o(.text)
    .text                                    0x08003ba4   Section        0  llushr.o(.text)
    .text                                    0x08003bc4   Section        0  isspace_c.o(.text)
    .text                                    0x08003bd0   Section        0  scanf_fp.o(.text)
    _fp_value                                0x08003bd1   Thumb Code   256  scanf_fp.o(.text)
    .text                                    0x08003f08   Section        0  _sgetc.o(.text)
    .text                                    0x08003f48   Section        0  dfltui.o(.text)
    .text                                    0x08003f62   Section        0  dfixi.o(.text)
    .text                                    0x08003fa0   Section        0  ctype_c.o(.text)
    .text                                    0x08003fc8   Section        0  dfltul.o(.text)
    .text                                    0x08003fe0   Section        0  d2f.o(.text)
    .text                                    0x08004018   Section        0  fepilogue.o(.text)
    .text                                    0x08004086   Section        0  __dczerorl2.o(.text)
    i.__0printf                              0x080040dc   Section        0  printfa.o(i.__0printf)
    i.__0snprintf                            0x080040fc   Section        0  printfa.o(i.__0snprintf)
    i.__ARM_fpclassify                       0x08004124   Section        0  fpclassify.o(i.__ARM_fpclassify)
    i.__ieee754_rem_pio2                     0x0800414c   Section        0  rred.o(i.__ieee754_rem_pio2)
    i.__kernel_cos                           0x080044d4   Section        0  cos_i.o(i.__kernel_cos)
    i.__kernel_poly                          0x080045d0   Section        0  poly.o(i.__kernel_poly)
    i.__kernel_sin                           0x0800467c   Section        0  sin_i.o(i.__kernel_sin)
    i.__mathlib_dbl_infnan                   0x08004768   Section        0  dunder.o(i.__mathlib_dbl_infnan)
    i.__mathlib_dbl_invalid                  0x0800476e   Section        0  dunder.o(i.__mathlib_dbl_invalid)
    i.__mathlib_dbl_underflow                0x0800477c   Section        0  dunder.o(i.__mathlib_dbl_underflow)
    i.__scatterload_copy                     0x0800478c   Section       14  handlers.o(i.__scatterload_copy)
    i.__scatterload_null                     0x0800479a   Section        2  handlers.o(i.__scatterload_null)
    i.__scatterload_zeroinit                 0x0800479c   Section       14  handlers.o(i.__scatterload_zeroinit)
    i.__set_errno                            0x080047ac   Section        0  errno.o(i.__set_errno)
    i._fp_digits                             0x080047b8   Section        0  printfa.o(i._fp_digits)
    _fp_digits                               0x080047b9   Thumb Code   334  printfa.o(i._fp_digits)
    i._is_digit                              0x0800491c   Section        0  scanf_fp.o(i._is_digit)
    i._printf_core                           0x0800492c   Section        0  printfa.o(i._printf_core)
    _printf_core                             0x0800492d   Thumb Code  1744  printfa.o(i._printf_core)
    i._printf_post_padding                   0x08005008   Section        0  printfa.o(i._printf_post_padding)
    _printf_post_padding                     0x08005009   Thumb Code    36  printfa.o(i._printf_post_padding)
    i._printf_pre_padding                    0x0800502c   Section        0  printfa.o(i._printf_pre_padding)
    _printf_pre_padding                      0x0800502d   Thumb Code    46  printfa.o(i._printf_pre_padding)
    i._snputc                                0x0800505a   Section        0  printfa.o(i._snputc)
    _snputc                                  0x0800505b   Thumb Code    22  printfa.o(i._snputc)
    i.asin                                   0x08005070   Section        0  asin.o(i.asin)
    i.cos                                    0x080052e0   Section        0  cos.o(i.cos)
    i.sin                                    0x0800537c   Section        0  sin.o(i.sin)
    i.sqrt                                   0x0800541c   Section        0  sqrt.o(i.sqrt)
    i.strtod                                 0x08005468   Section        0  strtod.o(i.strtod)
    .constdata                               0x08005484   Section     2072  oled_i2c.o(.constdata)
    .constdata                               0x08005ca0   Section       80  asin.o(.constdata)
    pS                                       0x08005ca0   Data          48  asin.o(.constdata)
    qS                                       0x08005cd0   Data          32  asin.o(.constdata)
    .constdata                               0x08005cf0   Section       48  cos_i.o(.constdata)
    C                                        0x08005cf0   Data          48  cos_i.o(.constdata)
    .constdata                               0x08005d20   Section      200  rred.o(.constdata)
    pio2s                                    0x08005d20   Data          48  rred.o(.constdata)
    twooverpi                                0x08005d50   Data         152  rred.o(.constdata)
    .constdata                               0x08005de8   Section       40  sin_i.o(.constdata)
    S                                        0x08005de8   Data          40  sin_i.o(.constdata)
    .constdata                               0x08005e10   Section       64  ctype_c.o(.constdata)
    .data                                    0x20000000   Section       20  system_stm32f10x.o(.data)
    .data                                    0x20000014   Section       20  stm32f10x_rcc.o(.data)
    APBAHBPrescTable                         0x20000014   Data          16  stm32f10x_rcc.o(.data)
    ADCPrescTable                            0x20000024   Data           4  stm32f10x_rcc.o(.data)
    .data                                    0x20000028   Section       36  main.o(.data)
    .data                                    0x2000004c   Section     1184  oled_i2c.o(.data)
    .data                                    0x200004ec   Section        4  delay.o(.data)
    fac_us                                   0x200004ec   Data           1  delay.o(.data)
    fac_ms                                   0x200004ee   Data           2  delay.o(.data)
    .data                                    0x200004f0   Section        4  strtok.o(.data)
    state                                    0x200004f0   Data           4  strtok.o(.data)
    .data                                    0x200004f4   Section        4  stdout.o(.data)
    .data                                    0x200004f8   Section        4  errno.o(.data)
    _errno                                   0x200004f8   Data           4  errno.o(.data)
    .bss                                     0x20000500   Section    14000  main.o(.bss)
    STACK                                    0x20003bb0   Section     1024  startup_stm32f10x_hd.o(STACK)

    Global Symbols

    Symbol Name                              Value     Ov Type        Size  Object(Section)

    BuildAttributes$$THM_ISAv4$P$D$K$B$S$PE$A:L22UL41UL21$X:L11$S22US41US21$IEEE1$IW$USESV6$~STKCKD$USESV7$~SHL$OTIME$ROPI$IEEEX$EBA8$MICROLIB$REQ8$PRES8$EABIv2 0x00000000   Number         0  anon$$obj.o ABSOLUTE
    __ARM_use_no_argv                        0x00000000   Number         0  main.o ABSOLUTE
    _printf_a                                0x00000000   Number         0  stubs.o ABSOLUTE
    _printf_c                                0x00000000   Number         0  stubs.o ABSOLUTE
    _printf_charcount                        0x00000000   Number         0  stubs.o ABSOLUTE
    _printf_d                                0x00000000   Number         0  stubs.o ABSOLUTE
    _printf_e                                0x00000000   Number         0  stubs.o ABSOLUTE
    _printf_f                                0x00000000   Number         0  stubs.o ABSOLUTE
    _printf_flags                            0x00000000   Number         0  stubs.o ABSOLUTE
    _printf_fp_dec                           0x00000000   Number         0  stubs.o ABSOLUTE
    _printf_fp_hex                           0x00000000   Number         0  stubs.o ABSOLUTE
    _printf_g                                0x00000000   Number         0  stubs.o ABSOLUTE
    _printf_i                                0x00000000   Number         0  stubs.o ABSOLUTE
    _printf_int_dec                          0x00000000   Number         0  stubs.o ABSOLUTE
    _printf_l                                0x00000000   Number         0  stubs.o ABSOLUTE
    _printf_lc                               0x00000000   Number         0  stubs.o ABSOLUTE
    _printf_ll                               0x00000000   Number         0  stubs.o ABSOLUTE
    _printf_lld                              0x00000000   Number         0  stubs.o ABSOLUTE
    _printf_lli                              0x00000000   Number         0  stubs.o ABSOLUTE
    _printf_llo                              0x00000000   Number         0  stubs.o ABSOLUTE
    _printf_llu                              0x00000000   Number         0  stubs.o ABSOLUTE
    _printf_llx                              0x00000000   Number         0  stubs.o ABSOLUTE
    _printf_longlong_dec                     0x00000000   Number         0  stubs.o ABSOLUTE
    _printf_longlong_hex                     0x00000000   Number         0  stubs.o ABSOLUTE
    _printf_longlong_oct                     0x00000000   Number         0  stubs.o ABSOLUTE
    _printf_ls                               0x00000000   Number         0  stubs.o ABSOLUTE
    _printf_mbtowc                           0x00000000   Number         0  stubs.o ABSOLUTE
    _printf_n                                0x00000000   Number         0  stubs.o ABSOLUTE
    _printf_o                                0x00000000   Number         0  stubs.o ABSOLUTE
    _printf_p                                0x00000000   Number         0  stubs.o ABSOLUTE
    _printf_percent                          0x00000000   Number         0  stubs.o ABSOLUTE
    _printf_pre_padding                      0x00000000   Number         0  stubs.o ABSOLUTE
    _printf_return_value                     0x00000000   Number         0  stubs.o ABSOLUTE
    _printf_s                                0x00000000   Number         0  stubs.o ABSOLUTE
    _printf_sizespec                         0x00000000   Number         0  stubs.o ABSOLUTE
    _printf_str                              0x00000000   Number         0  stubs.o ABSOLUTE
    _printf_truncate_signed                  0x00000000   Number         0  stubs.o ABSOLUTE
    _printf_truncate_unsigned                0x00000000   Number         0  stubs.o ABSOLUTE
    _printf_u                                0x00000000   Number         0  stubs.o ABSOLUTE
    _printf_wc                               0x00000000   Number         0  stubs.o ABSOLUTE
    _printf_wctomb                           0x00000000   Number         0  stubs.o ABSOLUTE
    _printf_widthprec                        0x00000000   Number         0  stubs.o ABSOLUTE
    _printf_x                                0x00000000   Number         0  stubs.o ABSOLUTE
    __cpp_initialize__aeabi_                  - Undefined Weak Reference
    __cxa_finalize                            - Undefined Weak Reference
    _clock_init                               - Undefined Weak Reference
    _microlib_exit                            - Undefined Weak Reference
    __Vectors_Size                           0x00000130   Number         0  startup_stm32f10x_hd.o ABSOLUTE
    __Vectors                                0x08000000   Data           4  startup_stm32f10x_hd.o(RESET)
    __Vectors_End                            0x08000130   Data           0  startup_stm32f10x_hd.o(RESET)
    __main                                   0x08000131   Thumb Code     0  entry.o(.ARM.Collect$$$$00000000)
    _main_stk                                0x08000131   Thumb Code     0  entry2.o(.ARM.Collect$$$$00000001)
    _main_scatterload                        0x08000135   Thumb Code     0  entry5.o(.ARM.Collect$$$$00000004)
    __main_after_scatterload                 0x08000139   Thumb Code     0  entry5.o(.ARM.Collect$$$$00000004)
    _main_clock                              0x08000139   Thumb Code     0  entry7b.o(.ARM.Collect$$$$00000008)
    _main_cpp_init                           0x08000139   Thumb Code     0  entry8b.o(.ARM.Collect$$$$0000000A)
    _main_init                               0x08000139   Thumb Code     0  entry9a.o(.ARM.Collect$$$$0000000B)
    __rt_final_cpp                           0x08000141   Thumb Code     0  entry10a.o(.ARM.Collect$$$$0000000D)
    __rt_final_exit                          0x08000141   Thumb Code     0  entry11a.o(.ARM.Collect$$$$0000000F)
    Reset_Handler                            0x08000145   Thumb Code     8  startup_stm32f10x_hd.o(.text)
    ADC1_2_IRQHandler                        0x0800015f   Thumb Code     0  startup_stm32f10x_hd.o(.text)
    ADC3_IRQHandler                          0x0800015f   Thumb Code     0  startup_stm32f10x_hd.o(.text)
    CAN1_RX1_IRQHandler                      0x0800015f   Thumb Code     0  startup_stm32f10x_hd.o(.text)
    CAN1_SCE_IRQHandler                      0x0800015f   Thumb Code     0  startup_stm32f10x_hd.o(.text)
    DMA1_Channel1_IRQHandler                 0x0800015f   Thumb Code     0  startup_stm32f10x_hd.o(.text)
    DMA1_Channel2_IRQHandler                 0x0800015f   Thumb Code     0  startup_stm32f10x_hd.o(.text)
    DMA1_Channel3_IRQHandler                 0x0800015f   Thumb Code     0  startup_stm32f10x_hd.o(.text)
    DMA1_Channel4_IRQHandler                 0x0800015f   Thumb Code     0  startup_stm32f10x_hd.o(.text)
    DMA1_Channel5_IRQHandler                 0x0800015f   Thumb Code     0  startup_stm32f10x_hd.o(.text)
    DMA1_Channel6_IRQHandler                 0x0800015f   Thumb Code     0  startup_stm32f10x_hd.o(.text)
    DMA1_Channel7_IRQHandler                 0x0800015f   Thumb Code     0  startup_stm32f10x_hd.o(.text)
    DMA2_Channel1_IRQHandler                 0x0800015f   Thumb Code     0  startup_stm32f10x_hd.o(.text)
    DMA2_Channel2_IRQHandler                 0x0800015f   Thumb Code     0  startup_stm32f10x_hd.o(.text)
    DMA2_Channel3_IRQHandler                 0x0800015f   Thumb Code     0  startup_stm32f10x_hd.o(.text)
    DMA2_Channel4_5_IRQHandler               0x0800015f   Thumb Code     0  startup_stm32f10x_hd.o(.text)
    EXTI0_IRQHandler                         0x0800015f   Thumb Code     0  startup_stm32f10x_hd.o(.text)
    EXTI15_10_IRQHandler                     0x0800015f   Thumb Code     0  startup_stm32f10x_hd.o(.text)
    EXTI1_IRQHandler                         0x0800015f   Thumb Code     0  startup_stm32f10x_hd.o(.text)
    EXTI2_IRQHandler                         0x0800015f   Thumb Code     0  startup_stm32f10x_hd.o(.text)
    EXTI3_IRQHandler                         0x0800015f   Thumb Code     0  startup_stm32f10x_hd.o(.text)
    EXTI4_IRQHandler                         0x0800015f   Thumb Code     0  startup_stm32f10x_hd.o(.text)
    FLASH_IRQHandler                         0x0800015f   Thumb Code     0  startup_stm32f10x_hd.o(.text)
    FSMC_IRQHandler                          0x0800015f   Thumb Code     0  startup_stm32f10x_hd.o(.text)
    I2C1_ER_IRQHandler                       0x0800015f   Thumb Code     0  startup_stm32f10x_hd.o(.text)
    I2C1_EV_IRQHandler                       0x0800015f   Thumb Code     0  startup_stm32f10x_hd.o(.text)
    I2C2_ER_IRQHandler                       0x0800015f   Thumb Code     0  startup_stm32f10x_hd.o(.text)
    I2C2_EV_IRQHandler                       0x0800015f   Thumb Code     0  startup_stm32f10x_hd.o(.text)
    PVD_IRQHandler                           0x0800015f   Thumb Code     0  startup_stm32f10x_hd.o(.text)
    RCC_IRQHandler                           0x0800015f   Thumb Code     0  startup_stm32f10x_hd.o(.text)
    RTCAlarm_IRQHandler                      0x0800015f   Thumb Code     0  startup_stm32f10x_hd.o(.text)
    RTC_IRQHandler                           0x0800015f   Thumb Code     0  startup_stm32f10x_hd.o(.text)
    SDIO_IRQHandler                          0x0800015f   Thumb Code     0  startup_stm32f10x_hd.o(.text)
    SPI1_IRQHandler                          0x0800015f   Thumb Code     0  startup_stm32f10x_hd.o(.text)
    SPI2_IRQHandler                          0x0800015f   Thumb Code     0  startup_stm32f10x_hd.o(.text)
    SPI3_IRQHandler                          0x0800015f   Thumb Code     0  startup_stm32f10x_hd.o(.text)
    TAMPER_IRQHandler                        0x0800015f   Thumb Code     0  startup_stm32f10x_hd.o(.text)
    TIM1_BRK_IRQHandler                      0x0800015f   Thumb Code     0  startup_stm32f10x_hd.o(.text)
    TIM1_CC_IRQHandler                       0x0800015f   Thumb Code     0  startup_stm32f10x_hd.o(.text)
    TIM1_TRG_COM_IRQHandler                  0x0800015f   Thumb Code     0  startup_stm32f10x_hd.o(.text)
    TIM1_UP_IRQHandler                       0x0800015f   Thumb Code     0  startup_stm32f10x_hd.o(.text)
    TIM2_IRQHandler                          0x0800015f   Thumb Code     0  startup_stm32f10x_hd.o(.text)
    TIM4_IRQHandler                          0x0800015f   Thumb Code     0  startup_stm32f10x_hd.o(.text)
    TIM5_IRQHandler                          0x0800015f   Thumb Code     0  startup_stm32f10x_hd.o(.text)
    TIM6_IRQHandler                          0x0800015f   Thumb Code     0  startup_stm32f10x_hd.o(.text)
    TIM7_IRQHandler                          0x0800015f   Thumb Code     0  startup_stm32f10x_hd.o(.text)
    TIM8_BRK_IRQHandler                      0x0800015f   Thumb Code     0  startup_stm32f10x_hd.o(.text)
    TIM8_CC_IRQHandler                       0x0800015f   Thumb Code     0  startup_stm32f10x_hd.o(.text)
    TIM8_TRG_COM_IRQHandler                  0x0800015f   Thumb Code     0  startup_stm32f10x_hd.o(.text)
    TIM8_UP_IRQHandler                       0x0800015f   Thumb Code     0  startup_stm32f10x_hd.o(.text)
    UART4_IRQHandler                         0x0800015f   Thumb Code     0  startup_stm32f10x_hd.o(.text)
    UART5_IRQHandler                         0x0800015f   Thumb Code     0  startup_stm32f10x_hd.o(.text)
    USART2_IRQHandler                        0x0800015f   Thumb Code     0  startup_stm32f10x_hd.o(.text)
    USART3_IRQHandler                        0x0800015f   Thumb Code     0  startup_stm32f10x_hd.o(.text)
    USBWakeUp_IRQHandler                     0x0800015f   Thumb Code     0  startup_stm32f10x_hd.o(.text)
    USB_HP_CAN1_TX_IRQHandler                0x0800015f   Thumb Code     0  startup_stm32f10x_hd.o(.text)
    USB_LP_CAN1_RX0_IRQHandler               0x0800015f   Thumb Code     0  startup_stm32f10x_hd.o(.text)
    WWDG_IRQHandler                          0x0800015f   Thumb Code     0  startup_stm32f10x_hd.o(.text)
    SystemInit                               0x08000247   Thumb Code    78  system_stm32f10x.o(.text)
    SystemCoreClockUpdate                    0x08000295   Thumb Code   142  system_stm32f10x.o(.text)
    NVIC_PriorityGroupConfig                 0x08000349   Thumb Code    10  misc.o(.text)
    NVIC_Init                                0x08000353   Thumb Code   100  misc.o(.text)
    NVIC_SetVectorTable                      0x080003b7   Thumb Code    14  misc.o(.text)
    NVIC_SystemLPConfig                      0x080003c5   Thumb Code    34  misc.o(.text)
    SysTick_CLKSourceConfig                  0x080003e7   Thumb Code    40  misc.o(.text)
    EXTI_DeInit                              0x08000425   Thumb Code    28  stm32f10x_exti.o(.text)
    EXTI_Init                                0x08000441   Thumb Code   142  stm32f10x_exti.o(.text)
    EXTI_StructInit                          0x080004cf   Thumb Code    16  stm32f10x_exti.o(.text)
    EXTI_GenerateSWInterrupt                 0x080004df   Thumb Code    16  stm32f10x_exti.o(.text)
    EXTI_GetFlagStatus                       0x080004ef   Thumb Code    22  stm32f10x_exti.o(.text)
    EXTI_ClearFlag                           0x08000505   Thumb Code     8  stm32f10x_exti.o(.text)
    EXTI_GetITStatus                         0x0800050d   Thumb Code    34  stm32f10x_exti.o(.text)
    EXTI_ClearITPendingBit                   0x0800052f   Thumb Code     8  stm32f10x_exti.o(.text)
    GPIO_DeInit                              0x08000541   Thumb Code   172  stm32f10x_gpio.o(.text)
    GPIO_AFIODeInit                          0x080005ed   Thumb Code    20  stm32f10x_gpio.o(.text)
    GPIO_Init                                0x08000601   Thumb Code   278  stm32f10x_gpio.o(.text)
    GPIO_StructInit                          0x08000717   Thumb Code    16  stm32f10x_gpio.o(.text)
    GPIO_ReadInputDataBit                    0x08000727   Thumb Code    18  stm32f10x_gpio.o(.text)
    GPIO_ReadInputData                       0x08000739   Thumb Code     8  stm32f10x_gpio.o(.text)
    GPIO_ReadOutputDataBit                   0x08000741   Thumb Code    18  stm32f10x_gpio.o(.text)
    GPIO_ReadOutputData                      0x08000753   Thumb Code     8  stm32f10x_gpio.o(.text)
    GPIO_SetBits                             0x0800075b   Thumb Code     4  stm32f10x_gpio.o(.text)
    GPIO_ResetBits                           0x0800075f   Thumb Code     4  stm32f10x_gpio.o(.text)
    GPIO_WriteBit                            0x08000763   Thumb Code    10  stm32f10x_gpio.o(.text)
    GPIO_Write                               0x0800076d   Thumb Code     4  stm32f10x_gpio.o(.text)
    GPIO_PinLockConfig                       0x08000771   Thumb Code    18  stm32f10x_gpio.o(.text)
    GPIO_EventOutputConfig                   0x08000783   Thumb Code    26  stm32f10x_gpio.o(.text)
    GPIO_EventOutputCmd                      0x0800079d   Thumb Code     6  stm32f10x_gpio.o(.text)
    GPIO_PinRemapConfig                      0x080007a3   Thumb Code   138  stm32f10x_gpio.o(.text)
    GPIO_EXTILineConfig                      0x0800082d   Thumb Code    66  stm32f10x_gpio.o(.text)
    GPIO_ETH_MediaInterfaceConfig            0x0800086f   Thumb Code     8  stm32f10x_gpio.o(.text)
    I2C_DeInit                               0x0800089d   Thumb Code    50  stm32f10x_i2c.o(.text)
    I2C_Init                                 0x080008cf   Thumb Code   222  stm32f10x_i2c.o(.text)
    I2C_StructInit                           0x080009ad   Thumb Code    30  stm32f10x_i2c.o(.text)
    I2C_Cmd                                  0x080009cb   Thumb Code    24  stm32f10x_i2c.o(.text)
    I2C_DMACmd                               0x080009e3   Thumb Code    24  stm32f10x_i2c.o(.text)
    I2C_DMALastTransferCmd                   0x080009fb   Thumb Code    24  stm32f10x_i2c.o(.text)
    I2C_GenerateSTART                        0x08000a13   Thumb Code    24  stm32f10x_i2c.o(.text)
    I2C_GenerateSTOP                         0x08000a2b   Thumb Code    24  stm32f10x_i2c.o(.text)
    I2C_AcknowledgeConfig                    0x08000a43   Thumb Code    24  stm32f10x_i2c.o(.text)
    I2C_OwnAddress2Config                    0x08000a5b   Thumb Code    22  stm32f10x_i2c.o(.text)
    I2C_DualAddressCmd                       0x08000a71   Thumb Code    24  stm32f10x_i2c.o(.text)
    I2C_GeneralCallCmd                       0x08000a89   Thumb Code    24  stm32f10x_i2c.o(.text)
    I2C_ITConfig                             0x08000aa1   Thumb Code    18  stm32f10x_i2c.o(.text)
    I2C_SendData                             0x08000ab3   Thumb Code     4  stm32f10x_i2c.o(.text)
    I2C_ReceiveData                          0x08000ab7   Thumb Code     8  stm32f10x_i2c.o(.text)
    I2C_Send7bitAddress                      0x08000abf   Thumb Code    18  stm32f10x_i2c.o(.text)
    I2C_ReadRegister                         0x08000ad1   Thumb Code    22  stm32f10x_i2c.o(.text)
    I2C_SoftwareResetCmd                     0x08000ae7   Thumb Code    22  stm32f10x_i2c.o(.text)
    I2C_NACKPositionConfig                   0x08000afd   Thumb Code    28  stm32f10x_i2c.o(.text)
    I2C_SMBusAlertConfig                     0x08000b19   Thumb Code    28  stm32f10x_i2c.o(.text)
    I2C_TransmitPEC                          0x08000b35   Thumb Code    24  stm32f10x_i2c.o(.text)
    I2C_PECPositionConfig                    0x08000b4d   Thumb Code    28  stm32f10x_i2c.o(.text)
    I2C_CalculatePEC                         0x08000b69   Thumb Code    24  stm32f10x_i2c.o(.text)
    I2C_GetPEC                               0x08000b81   Thumb Code     8  stm32f10x_i2c.o(.text)
    I2C_ARPCmd                               0x08000b89   Thumb Code    24  stm32f10x_i2c.o(.text)
    I2C_StretchClockCmd                      0x08000ba1   Thumb Code    24  stm32f10x_i2c.o(.text)
    I2C_FastModeDutyCycleConfig              0x08000bb9   Thumb Code    28  stm32f10x_i2c.o(.text)
    I2C_CheckEvent                           0x08000bd5   Thumb Code    42  stm32f10x_i2c.o(.text)
    I2C_GetLastEvent                         0x08000bff   Thumb Code    26  stm32f10x_i2c.o(.text)
    I2C_GetFlagStatus                        0x08000c19   Thumb Code    58  stm32f10x_i2c.o(.text)
    I2C_ClearFlag                            0x08000c53   Thumb Code    12  stm32f10x_i2c.o(.text)
    I2C_GetITStatus                          0x08000c5f   Thumb Code    54  stm32f10x_i2c.o(.text)
    I2C_ClearITPendingBit                    0x08000c95   Thumb Code    12  stm32f10x_i2c.o(.text)
    RCC_DeInit                               0x08000ca1   Thumb Code    64  stm32f10x_rcc.o(.text)
    RCC_HSEConfig                            0x08000ce1   Thumb Code    70  stm32f10x_rcc.o(.text)
    RCC_GetFlagStatus                        0x08000d27   Thumb Code    56  stm32f10x_rcc.o(.text)
    RCC_WaitForHSEStartUp                    0x08000d5f   Thumb Code    56  stm32f10x_rcc.o(.text)
    RCC_AdjustHSICalibrationValue            0x08000d97   Thumb Code    20  stm32f10x_rcc.o(.text)
    RCC_HSICmd                               0x08000dab   Thumb Code     6  stm32f10x_rcc.o(.text)
    RCC_PLLConfig                            0x08000db1   Thumb Code    24  stm32f10x_rcc.o(.text)
    RCC_PLLCmd                               0x08000dc9   Thumb Code     6  stm32f10x_rcc.o(.text)
    RCC_SYSCLKConfig                         0x08000dcf   Thumb Code    18  stm32f10x_rcc.o(.text)
    RCC_GetSYSCLKSource                      0x08000de1   Thumb Code    10  stm32f10x_rcc.o(.text)
    RCC_HCLKConfig                           0x08000deb   Thumb Code    18  stm32f10x_rcc.o(.text)
    RCC_PCLK1Config                          0x08000dfd   Thumb Code    18  stm32f10x_rcc.o(.text)
    RCC_PCLK2Config                          0x08000e0f   Thumb Code    20  stm32f10x_rcc.o(.text)
    RCC_ITConfig                             0x08000e23   Thumb Code    26  stm32f10x_rcc.o(.text)
    RCC_USBCLKConfig                         0x08000e3d   Thumb Code     8  stm32f10x_rcc.o(.text)
    RCC_ADCCLKConfig                         0x08000e45   Thumb Code    18  stm32f10x_rcc.o(.text)
    RCC_LSEConfig                            0x08000e57   Thumb Code    50  stm32f10x_rcc.o(.text)
    RCC_LSICmd                               0x08000e89   Thumb Code     6  stm32f10x_rcc.o(.text)
    RCC_RTCCLKConfig                         0x08000e8f   Thumb Code    12  stm32f10x_rcc.o(.text)
    RCC_RTCCLKCmd                            0x08000e9b   Thumb Code     8  stm32f10x_rcc.o(.text)
    RCC_GetClocksFreq                        0x08000ea3   Thumb Code   192  stm32f10x_rcc.o(.text)
    RCC_AHBPeriphClockCmd                    0x08000f63   Thumb Code    26  stm32f10x_rcc.o(.text)
    RCC_APB2PeriphClockCmd                   0x08000f7d   Thumb Code    26  stm32f10x_rcc.o(.text)
    RCC_APB1PeriphClockCmd                   0x08000f97   Thumb Code    26  stm32f10x_rcc.o(.text)
    RCC_APB2PeriphResetCmd                   0x08000fb1   Thumb Code    26  stm32f10x_rcc.o(.text)
    RCC_APB1PeriphResetCmd                   0x08000fcb   Thumb Code    26  stm32f10x_rcc.o(.text)
    RCC_BackupResetCmd                       0x08000fe5   Thumb Code     8  stm32f10x_rcc.o(.text)
    RCC_ClockSecuritySystemCmd               0x08000fed   Thumb Code     6  stm32f10x_rcc.o(.text)
    RCC_MCOConfig                            0x08000ff3   Thumb Code     6  stm32f10x_rcc.o(.text)
    RCC_ClearFlag                            0x08000ff9   Thumb Code    14  stm32f10x_rcc.o(.text)
    RCC_GetITStatus                          0x08001007   Thumb Code    20  stm32f10x_rcc.o(.text)
    RCC_ClearITPendingBit                    0x0800101b   Thumb Code     6  stm32f10x_rcc.o(.text)
    TIM_DeInit                               0x08001045   Thumb Code   424  stm32f10x_tim.o(.text)
    TIM_TimeBaseInit                         0x080011ed   Thumb Code   122  stm32f10x_tim.o(.text)
    TIM_OC1Init                              0x08001267   Thumb Code   132  stm32f10x_tim.o(.text)
    TIM_OC2Init                              0x080012eb   Thumb Code   154  stm32f10x_tim.o(.text)
    TIM_OC3Init                              0x08001385   Thumb Code   150  stm32f10x_tim.o(.text)
    TIM_OC4Init                              0x0800141b   Thumb Code   182  stm32f10x_tim.o(.text)
    TIM_SetIC4Prescaler                      0x080014d1   Thumb Code    26  stm32f10x_tim.o(.text)
    TIM_SetIC3Prescaler                      0x0800156d   Thumb Code    18  stm32f10x_tim.o(.text)
    TIM_SetIC2Prescaler                      0x080015f9   Thumb Code    26  stm32f10x_tim.o(.text)
    TIM_SetIC1Prescaler                      0x08001695   Thumb Code    18  stm32f10x_tim.o(.text)
    TIM_ICInit                               0x08001713   Thumb Code   150  stm32f10x_tim.o(.text)
    TIM_PWMIConfig                           0x080017a9   Thumb Code   124  stm32f10x_tim.o(.text)
    TIM_BDTRConfig                           0x08001825   Thumb Code    32  stm32f10x_tim.o(.text)
    TIM_TimeBaseStructInit                   0x08001845   Thumb Code    18  stm32f10x_tim.o(.text)
    TIM_OCStructInit                         0x08001857   Thumb Code    20  stm32f10x_tim.o(.text)
    TIM_ICStructInit                         0x0800186b   Thumb Code    18  stm32f10x_tim.o(.text)
    TIM_BDTRStructInit                       0x0800187d   Thumb Code    40  stm32f10x_tim.o(.text)
    TIM_Cmd                                  0x080018a5   Thumb Code    24  stm32f10x_tim.o(.text)
    TIM_CtrlPWMOutputs                       0x080018bd   Thumb Code    30  stm32f10x_tim.o(.text)
    TIM_ITConfig                             0x080018db   Thumb Code    18  stm32f10x_tim.o(.text)
    TIM_GenerateEvent                        0x080018ed   Thumb Code     4  stm32f10x_tim.o(.text)
    TIM_DMAConfig                            0x080018f1   Thumb Code    10  stm32f10x_tim.o(.text)
    TIM_DMACmd                               0x080018fb   Thumb Code    18  stm32f10x_tim.o(.text)
    TIM_InternalClockConfig                  0x0800190d   Thumb Code    12  stm32f10x_tim.o(.text)
    TIM_SelectInputTrigger                   0x08001919   Thumb Code    18  stm32f10x_tim.o(.text)
    TIM_ITRxExternalClockConfig              0x0800192b   Thumb Code    24  stm32f10x_tim.o(.text)
    TIM_TIxExternalClockConfig               0x08001943   Thumb Code    62  stm32f10x_tim.o(.text)
    TIM_ETRConfig                            0x08001981   Thumb Code    28  stm32f10x_tim.o(.text)
    TIM_ETRClockMode1Config                  0x0800199d   Thumb Code    54  stm32f10x_tim.o(.text)
    TIM_ETRClockMode2Config                  0x080019d3   Thumb Code    32  stm32f10x_tim.o(.text)
    TIM_PrescalerConfig                      0x080019f3   Thumb Code     6  stm32f10x_tim.o(.text)
    TIM_CounterModeConfig                    0x080019f9   Thumb Code    18  stm32f10x_tim.o(.text)
    TIM_EncoderInterfaceConfig               0x08001a0b   Thumb Code    66  stm32f10x_tim.o(.text)
    TIM_ForcedOC1Config                      0x08001a4d   Thumb Code    18  stm32f10x_tim.o(.text)
    TIM_ForcedOC2Config                      0x08001a5f   Thumb Code    26  stm32f10x_tim.o(.text)
    TIM_ForcedOC3Config                      0x08001a79   Thumb Code    18  stm32f10x_tim.o(.text)
    TIM_ForcedOC4Config                      0x08001a8b   Thumb Code    26  stm32f10x_tim.o(.text)
    TIM_ARRPreloadConfig                     0x08001aa5   Thumb Code    24  stm32f10x_tim.o(.text)
    TIM_SelectCOM                            0x08001abd   Thumb Code    24  stm32f10x_tim.o(.text)
    TIM_SelectCCDMA                          0x08001ad5   Thumb Code    24  stm32f10x_tim.o(.text)
    TIM_CCPreloadControl                     0x08001aed   Thumb Code    24  stm32f10x_tim.o(.text)
    TIM_OC1PreloadConfig                     0x08001b05   Thumb Code    18  stm32f10x_tim.o(.text)
    TIM_OC2PreloadConfig                     0x08001b17   Thumb Code    26  stm32f10x_tim.o(.text)
    TIM_OC3PreloadConfig                     0x08001b31   Thumb Code    18  stm32f10x_tim.o(.text)
    TIM_OC4PreloadConfig                     0x08001b43   Thumb Code    26  stm32f10x_tim.o(.text)
    TIM_OC1FastConfig                        0x08001b5d   Thumb Code    18  stm32f10x_tim.o(.text)
    TIM_OC2FastConfig                        0x08001b6f   Thumb Code    26  stm32f10x_tim.o(.text)
    TIM_OC3FastConfig                        0x08001b89   Thumb Code    18  stm32f10x_tim.o(.text)
    TIM_OC4FastConfig                        0x08001b9b   Thumb Code    26  stm32f10x_tim.o(.text)
    TIM_ClearOC1Ref                          0x08001bb5   Thumb Code    18  stm32f10x_tim.o(.text)
    TIM_ClearOC2Ref                          0x08001bc7   Thumb Code    24  stm32f10x_tim.o(.text)
    TIM_ClearOC3Ref                          0x08001bdf   Thumb Code    18  stm32f10x_tim.o(.text)
    TIM_ClearOC4Ref                          0x08001bf1   Thumb Code    24  stm32f10x_tim.o(.text)
    TIM_OC1PolarityConfig                    0x08001c09   Thumb Code    18  stm32f10x_tim.o(.text)
    TIM_OC1NPolarityConfig                   0x08001c1b   Thumb Code    18  stm32f10x_tim.o(.text)
    TIM_OC2PolarityConfig                    0x08001c2d   Thumb Code    26  stm32f10x_tim.o(.text)
    TIM_OC2NPolarityConfig                   0x08001c47   Thumb Code    26  stm32f10x_tim.o(.text)
    TIM_OC3PolarityConfig                    0x08001c61   Thumb Code    26  stm32f10x_tim.o(.text)
    TIM_OC3NPolarityConfig                   0x08001c7b   Thumb Code    26  stm32f10x_tim.o(.text)
    TIM_OC4PolarityConfig                    0x08001c95   Thumb Code    26  stm32f10x_tim.o(.text)
    TIM_CCxCmd                               0x08001caf   Thumb Code    30  stm32f10x_tim.o(.text)
    TIM_CCxNCmd                              0x08001ccd   Thumb Code    30  stm32f10x_tim.o(.text)
    TIM_SelectOCxM                           0x08001ceb   Thumb Code    82  stm32f10x_tim.o(.text)
    TIM_UpdateDisableConfig                  0x08001d3d   Thumb Code    24  stm32f10x_tim.o(.text)
    TIM_UpdateRequestConfig                  0x08001d55   Thumb Code    24  stm32f10x_tim.o(.text)
    TIM_SelectHallSensor                     0x08001d6d   Thumb Code    24  stm32f10x_tim.o(.text)
    TIM_SelectOnePulseMode                   0x08001d85   Thumb Code    18  stm32f10x_tim.o(.text)
    TIM_SelectOutputTrigger                  0x08001d97   Thumb Code    18  stm32f10x_tim.o(.text)
    TIM_SelectSlaveMode                      0x08001da9   Thumb Code    18  stm32f10x_tim.o(.text)
    TIM_SelectMasterSlaveMode                0x08001dbb   Thumb Code    18  stm32f10x_tim.o(.text)
    TIM_SetCounter                           0x08001dcd   Thumb Code     4  stm32f10x_tim.o(.text)
    TIM_SetAutoreload                        0x08001dd1   Thumb Code     4  stm32f10x_tim.o(.text)
    TIM_SetCompare1                          0x08001dd5   Thumb Code     4  stm32f10x_tim.o(.text)
    TIM_SetCompare2                          0x08001dd9   Thumb Code     4  stm32f10x_tim.o(.text)
    TIM_SetCompare3                          0x08001ddd   Thumb Code     4  stm32f10x_tim.o(.text)
    TIM_SetCompare4                          0x08001de1   Thumb Code     6  stm32f10x_tim.o(.text)
    TIM_SetClockDivision                     0x08001de7   Thumb Code    18  stm32f10x_tim.o(.text)
    TIM_GetCapture1                          0x08001df9   Thumb Code     6  stm32f10x_tim.o(.text)
    TIM_GetCapture2                          0x08001dff   Thumb Code     6  stm32f10x_tim.o(.text)
    TIM_GetCapture3                          0x08001e05   Thumb Code     6  stm32f10x_tim.o(.text)
    TIM_GetCapture4                          0x08001e0b   Thumb Code     8  stm32f10x_tim.o(.text)
    TIM_GetCounter                           0x08001e13   Thumb Code     6  stm32f10x_tim.o(.text)
    TIM_GetPrescaler                         0x08001e19   Thumb Code     6  stm32f10x_tim.o(.text)
    TIM_GetFlagStatus                        0x08001e1f   Thumb Code    18  stm32f10x_tim.o(.text)
    TIM_ClearFlag                            0x08001e31   Thumb Code     6  stm32f10x_tim.o(.text)
    TIM_GetITStatus                          0x08001e37   Thumb Code    34  stm32f10x_tim.o(.text)
    TIM_ClearITPendingBit                    0x08001e59   Thumb Code     6  stm32f10x_tim.o(.text)
    USART_DeInit                             0x08001e61   Thumb Code   134  stm32f10x_usart.o(.text)
    USART_Init                               0x08001ee7   Thumb Code   210  stm32f10x_usart.o(.text)
    USART_StructInit                         0x08001fb9   Thumb Code    24  stm32f10x_usart.o(.text)
    USART_ClockInit                          0x08001fd1   Thumb Code    34  stm32f10x_usart.o(.text)
    USART_ClockStructInit                    0x08001ff3   Thumb Code    12  stm32f10x_usart.o(.text)
    USART_Cmd                                0x08001fff   Thumb Code    24  stm32f10x_usart.o(.text)
    USART_ITConfig                           0x08002017   Thumb Code    74  stm32f10x_usart.o(.text)
    USART_DMACmd                             0x08002061   Thumb Code    18  stm32f10x_usart.o(.text)
    USART_SetAddress                         0x08002073   Thumb Code    18  stm32f10x_usart.o(.text)
    USART_WakeUpConfig                       0x08002085   Thumb Code    18  stm32f10x_usart.o(.text)
    USART_ReceiverWakeUpCmd                  0x08002097   Thumb Code    24  stm32f10x_usart.o(.text)
    USART_LINBreakDetectLengthConfig         0x080020af   Thumb Code    18  stm32f10x_usart.o(.text)
    USART_LINCmd                             0x080020c1   Thumb Code    24  stm32f10x_usart.o(.text)
    USART_SendData                           0x080020d9   Thumb Code     8  stm32f10x_usart.o(.text)
    USART_ReceiveData                        0x080020e1   Thumb Code    10  stm32f10x_usart.o(.text)
    USART_SendBreak                          0x080020eb   Thumb Code    10  stm32f10x_usart.o(.text)
    USART_SetGuardTime                       0x080020f5   Thumb Code    16  stm32f10x_usart.o(.text)
    USART_SetPrescaler                       0x08002105   Thumb Code    16  stm32f10x_usart.o(.text)
    USART_SmartCardCmd                       0x08002115   Thumb Code    24  stm32f10x_usart.o(.text)
    USART_SmartCardNACKCmd                   0x0800212d   Thumb Code    24  stm32f10x_usart.o(.text)
    USART_HalfDuplexCmd                      0x08002145   Thumb Code    24  stm32f10x_usart.o(.text)
    USART_OverSampling8Cmd                   0x0800215d   Thumb Code    22  stm32f10x_usart.o(.text)
    USART_OneBitMethodCmd                    0x08002173   Thumb Code    24  stm32f10x_usart.o(.text)
    USART_IrDAConfig                         0x0800218b   Thumb Code    18  stm32f10x_usart.o(.text)
    USART_IrDACmd                            0x0800219d   Thumb Code    24  stm32f10x_usart.o(.text)
    USART_GetFlagStatus                      0x080021b5   Thumb Code    26  stm32f10x_usart.o(.text)
    USART_ClearFlag                          0x080021cf   Thumb Code    18  stm32f10x_usart.o(.text)
    USART_GetITStatus                        0x080021e1   Thumb Code    84  stm32f10x_usart.o(.text)
    USART_ClearITPendingBit                  0x08002235   Thumb Code    52  stm32f10x_usart.o(.text)
    dist                                     0x08002289   Thumb Code   344  main.o(.text)
    cal_distance                             0x080023e1   Thumb Code   154  main.o(.text)
    TIMx_Configuration                       0x0800247b   Thumb Code    98  main.o(.text)
    SysTickConfig                            0x080024dd   Thumb Code    76  main.o(.text)
    KEY_Configuration                        0x08002549   Thumb Code    38  main.o(.text)
    pb9_set_low                              0x0800256f   Thumb Code    40  main.o(.text)
    EXTI_Configuration                       0x08002597   Thumb Code    48  main.o(.text)
    parse_data                               0x080025c7   Thumb Code   830  main.o(.text)
    main                                     0x08002905   Thumb Code  1074  main.o(.text)
    fputc                                    0x08002d37   Thumb Code    32  main.o(.text)
    NMI_Handler                              0x08002ded   Thumb Code     2  stm32f10x_it.o(.text)
    HardFault_Handler                        0x08002def   Thumb Code     4  stm32f10x_it.o(.text)
    MemManage_Handler                        0x08002df3   Thumb Code     4  stm32f10x_it.o(.text)
    BusFault_Handler                         0x08002df7   Thumb Code     4  stm32f10x_it.o(.text)
    UsageFault_Handler                       0x08002dfb   Thumb Code     4  stm32f10x_it.o(.text)
    SVC_Handler                              0x08002dff   Thumb Code     2  stm32f10x_it.o(.text)
    DebugMon_Handler                         0x08002e01   Thumb Code     2  stm32f10x_it.o(.text)
    PendSV_Handler                           0x08002e03   Thumb Code     2  stm32f10x_it.o(.text)
    SysTick_Handler                          0x08002e05   Thumb Code     2  stm32f10x_it.o(.text)
    USART1_IRQHandler                        0x08002e07   Thumb Code   102  stm32f10x_it.o(.text)
    TIM3_IRQHandler                          0x08002e6d   Thumb Code    52  stm32f10x_it.o(.text)
    EXTI9_5_IRQHandler                       0x08002ea1   Thumb Code    24  stm32f10x_it.o(.text)
    I2C_Configuration                        0x08002ee1   Thumb Code   110  oled_i2c.o(.text)
    I2C_WriteByte                            0x08002f4f   Thumb Code   126  oled_i2c.o(.text)
    WriteCmd                                 0x08002fcd   Thumb Code    14  oled_i2c.o(.text)
    WriteDat                                 0x08002fdb   Thumb Code    14  oled_i2c.o(.text)
    OLED_Init                                0x08002fe9   Thumb Code   178  oled_i2c.o(.text)
    OLED_SetPos                              0x0800309b   Thumb Code    40  oled_i2c.o(.text)
    OLED_Fill                                0x080030c3   Thumb Code    58  oled_i2c.o(.text)
    OLED_CLS                                 0x080030fd   Thumb Code    10  oled_i2c.o(.text)
    OLED_ON                                  0x08003107   Thumb Code    22  oled_i2c.o(.text)
    OLED_OFF                                 0x0800311d   Thumb Code    22  oled_i2c.o(.text)
    OLED_ShowStr                             0x08003133   Thumb Code   228  oled_i2c.o(.text)
    OLED_ShowCN                              0x08003217   Thumb Code    80  oled_i2c.o(.text)
    OLED_DrawBMP                             0x08003267   Thumb Code   116  oled_i2c.o(.text)
    DelayInit                                0x080032fd   Thumb Code    50  delay.o(.text)
    DelayUs                                  0x0800332f   Thumb Code    72  delay.o(.text)
    DelayMs                                  0x08003377   Thumb Code    72  delay.o(.text)
    DelayS                                   0x080033bf   Thumb Code    26  delay.o(.text)
    __aeabi_memcpy                           0x080033e9   Thumb Code    36  memcpya.o(.text)
    __aeabi_memcpy4                          0x080033e9   Thumb Code     0  memcpya.o(.text)
    __aeabi_memcpy8                          0x080033e9   Thumb Code     0  memcpya.o(.text)
    __aeabi_memset                           0x0800340d   Thumb Code    14  memseta.o(.text)
    __aeabi_memset4                          0x0800340d   Thumb Code     0  memseta.o(.text)
    __aeabi_memset8                          0x0800340d   Thumb Code     0  memseta.o(.text)
    __aeabi_memclr                           0x0800341b   Thumb Code     4  memseta.o(.text)
    __aeabi_memclr4                          0x0800341b   Thumb Code     0  memseta.o(.text)
    __aeabi_memclr8                          0x0800341b   Thumb Code     0  memseta.o(.text)
    _memset$wrapper                          0x0800341f   Thumb Code    18  memseta.o(.text)
    strstr                                   0x08003431   Thumb Code    36  strstr.o(.text)
    strncpy                                  0x08003455   Thumb Code    24  strncpy.o(.text)
    strchr                                   0x0800346d   Thumb Code    20  strchr.o(.text)
    strtok                                   0x08003481   Thumb Code    62  strtok.o(.text)
    __aeabi_dadd                             0x080034c5   Thumb Code   322  dadd.o(.text)
    __aeabi_dsub                             0x08003607   Thumb Code     6  dadd.o(.text)
    __aeabi_drsub                            0x0800360d   Thumb Code     6  dadd.o(.text)
    __aeabi_dmul                             0x08003613   Thumb Code   228  dmul.o(.text)
    __aeabi_ddiv                             0x080036f7   Thumb Code   222  ddiv.o(.text)
    __aeabi_i2d                              0x080037d5   Thumb Code    34  dflti.o(.text)
    __aeabi_cdcmpeq                          0x080037f9   Thumb Code     0  cdcmple.o(.text)
    __aeabi_cdcmple                          0x080037f9   Thumb Code    48  cdcmple.o(.text)
    __aeabi_uidiv                            0x08003829   Thumb Code     0  uidiv.o(.text)
    __aeabi_uidivmod                         0x08003829   Thumb Code    44  uidiv.o(.text)
    __aeabi_uldivmod                         0x08003855   Thumb Code    98  uldiv.o(.text)
    __aeabi_llsl                             0x080038b7   Thumb Code    30  llshl.o(.text)
    _ll_shift_l                              0x080038b7   Thumb Code     0  llshl.o(.text)
    __aeabi_lasr                             0x080038d5   Thumb Code    36  llsshr.o(.text)
    _ll_sshift_r                             0x080038d5   Thumb Code     0  llsshr.o(.text)
    __strtod_int                             0x0800392f   Thumb Code    88  strtod.o(.text)
    __I$use$fp                               0x08003995   Thumb Code     0  iusefp.o(.text)
    _double_round                            0x08003995   Thumb Code    30  depilogue.o(.text)
    _double_epilogue                         0x080039b3   Thumb Code   156  depilogue.o(.text)
    __ARM_scalbn                             0x08003a4f   Thumb Code    46  dscalb.o(.text)
    scalbn                                   0x08003a4f   Thumb Code     0  dscalb.o(.text)
    _dsqrt                                   0x08003a7d   Thumb Code   162  dsqrt.o(.text)
    __aeabi_d2ulz                            0x08003b1f   Thumb Code    48  dfixul.o(.text)
    __aeabi_cdrcmple                         0x08003b51   Thumb Code    48  cdrcmple.o(.text)
    __scatterload                            0x08003b81   Thumb Code    28  init.o(.text)
    __scatterload_rt2                        0x08003b81   Thumb Code     0  init.o(.text)
    __aeabi_llsr                             0x08003ba5   Thumb Code    32  llushr.o(.text)
    _ll_ushift_r                             0x08003ba5   Thumb Code     0  llushr.o(.text)
    isspace                                  0x08003bc5   Thumb Code    10  isspace_c.o(.text)
    _scanf_real                              0x08003cd1   Thumb Code     0  scanf_fp.o(.text)
    _scanf_really_real                       0x08003cd1   Thumb Code   556  scanf_fp.o(.text)
    _sgetc                                   0x08003f09   Thumb Code    30  _sgetc.o(.text)
    _sbackspace                              0x08003f27   Thumb Code    34  _sgetc.o(.text)
    __aeabi_ui2d                             0x08003f49   Thumb Code    26  dfltui.o(.text)
    __aeabi_d2iz                             0x08003f63   Thumb Code    62  dfixi.o(.text)
    __ctype_lookup                           0x08003fa1   Thumb Code    34  ctype_c.o(.text)
    __aeabi_ul2d                             0x08003fc9   Thumb Code    24  dfltul.o(.text)
    __aeabi_d2f                              0x08003fe1   Thumb Code    56  d2f.o(.text)
    _float_round                             0x08004019   Thumb Code    18  fepilogue.o(.text)
    _float_epilogue                          0x0800402b   Thumb Code    92  fepilogue.o(.text)
    __decompress                             0x08004087   Thumb Code     0  __dczerorl2.o(.text)
    __decompress1                            0x08004087   Thumb Code    86  __dczerorl2.o(.text)
    __0printf                                0x080040dd   Thumb Code    22  printfa.o(i.__0printf)
    __1printf                                0x080040dd   Thumb Code     0  printfa.o(i.__0printf)
    __2printf                                0x080040dd   Thumb Code     0  printfa.o(i.__0printf)
    __c89printf                              0x080040dd   Thumb Code     0  printfa.o(i.__0printf)
    printf                                   0x080040dd   Thumb Code     0  printfa.o(i.__0printf)
    __0snprintf                              0x080040fd   Thumb Code    36  printfa.o(i.__0snprintf)
    __1snprintf                              0x080040fd   Thumb Code     0  printfa.o(i.__0snprintf)
    __2snprintf                              0x080040fd   Thumb Code     0  printfa.o(i.__0snprintf)
    __c89snprintf                            0x080040fd   Thumb Code     0  printfa.o(i.__0snprintf)
    snprintf                                 0x080040fd   Thumb Code     0  printfa.o(i.__0snprintf)
    __ARM_fpclassify                         0x08004125   Thumb Code    40  fpclassify.o(i.__ARM_fpclassify)
    __ieee754_rem_pio2                       0x0800414d   Thumb Code   828  rred.o(i.__ieee754_rem_pio2)
    __kernel_cos                             0x080044d5   Thumb Code   230  cos_i.o(i.__kernel_cos)
    __kernel_poly                            0x080045d1   Thumb Code   170  poly.o(i.__kernel_poly)
    __kernel_sin                             0x0800467d   Thumb Code   224  sin_i.o(i.__kernel_sin)
    __mathlib_dbl_infnan                     0x08004769   Thumb Code     6  dunder.o(i.__mathlib_dbl_infnan)
    __mathlib_dbl_invalid                    0x0800476f   Thumb Code    12  dunder.o(i.__mathlib_dbl_invalid)
    __mathlib_dbl_underflow                  0x0800477d   Thumb Code    10  dunder.o(i.__mathlib_dbl_underflow)
    __scatterload_copy                       0x0800478d   Thumb Code    14  handlers.o(i.__scatterload_copy)
    __scatterload_null                       0x0800479b   Thumb Code     2  handlers.o(i.__scatterload_null)
    __scatterload_zeroinit                   0x0800479d   Thumb Code    14  handlers.o(i.__scatterload_zeroinit)
    __set_errno                              0x080047ad   Thumb Code     6  errno.o(i.__set_errno)
    _is_digit                                0x0800491d   Thumb Code    14  scanf_fp.o(i._is_digit)
    asin                                     0x08005071   Thumb Code   572  asin.o(i.asin)
    cos                                      0x080052e1   Thumb Code   148  cos.o(i.cos)
    sin                                      0x0800537d   Thumb Code   150  sin.o(i.sin)
    sqrt                                     0x0800541d   Thumb Code    76  sqrt.o(i.sqrt)
    strtod                                   0x08005469   Thumb Code    28  strtod.o(i.strtod)
    F6x8                                     0x08005484   Data         552  oled_i2c.o(.constdata)
    F8X16                                    0x080056ac   Data        1520  oled_i2c.o(.constdata)
    __ctype_categories                       0x08005e10   Data          64  ctype_c.o(.constdata)
    Region$$Table$$Base                      0x08005e50   Number         0  anon$$obj.o(Region$$Table)
    Region$$Table$$Limit                     0x08005e70   Number         0  anon$$obj.o(Region$$Table)
    SystemCoreClock                          0x20000000   Data           4  system_stm32f10x.o(.data)
    AHBPrescTable                            0x20000004   Data          16  system_stm32f10x.o(.data)
    buf_index                                0x20000028   Data           4  main.o(.data)
    idle_flag                                0x2000002c   Data           4  main.o(.data)
    idle_counter                             0x20000030   Data           4  main.o(.data)
    tim_timeout                              0x20000034   Data           4  main.o(.data)
    tim_15s_timeout                          0x20000038   Data           4  main.o(.data)
    seconds_cnt                              0x2000003c   Data           4  main.o(.data)
    key_press                                0x20000040   Data           4  main.o(.data)
    key_long_press                           0x20000044   Data           4  main.o(.data)
    key_cnt                                  0x20000048   Data           4  main.o(.data)
    F16x16                                   0x2000004c   Data         160  oled_i2c.o(.data)
    BMP1                                     0x200000ec   Data        1024  oled_i2c.o(.data)
    __stdout                                 0x200004f4   Data           4  stdout.o(.data)
    RX_BUF                                   0x20000500   Data        2000  main.o(.bss)
    his_data                                 0x20000cd0   Data       12000  main.o(.bss)
    __initial_sp                             0x20003fb0   Data           0  startup_stm32f10x_hd.o(STACK)



==============================================================================

Memory Map of the image

  Image Entry point : 0x08000131

  Load Region LR_IROM1 (Base: 0x08000000, Size: 0x0000636c, Max: 0x00010000, ABSOLUTE, COMPRESSED[0x00006034])

    Execution Region ER_IROM1 (Base: 0x08000000, Size: 0x00005e70, Max: 0x00010000, ABSOLUTE)

    Base Addr    Size         Type   Attr      Idx    E Section Name        Object

    0x08000000   0x00000130   Data   RO            3    RESET               startup_stm32f10x_hd.o
    0x08000130   0x00000000   Code   RO          543  * .ARM.Collect$$$$00000000  mc_w.l(entry.o)
    0x08000130   0x00000004   Code   RO          867    .ARM.Collect$$$$00000001  mc_w.l(entry2.o)
    0x08000134   0x00000004   Code   RO          870    .ARM.Collect$$$$00000004  mc_w.l(entry5.o)
    0x08000138   0x00000000   Code   RO          872    .ARM.Collect$$$$00000008  mc_w.l(entry7b.o)
    0x08000138   0x00000000   Code   RO          874    .ARM.Collect$$$$0000000A  mc_w.l(entry8b.o)
    0x08000138   0x00000008   Code   RO          875    .ARM.Collect$$$$0000000B  mc_w.l(entry9a.o)
    0x08000140   0x00000000   Code   RO          877    .ARM.Collect$$$$0000000D  mc_w.l(entry10a.o)
    0x08000140   0x00000000   Code   RO          879    .ARM.Collect$$$$0000000F  mc_w.l(entry11a.o)
    0x08000140   0x00000004   Code   RO          868    .ARM.Collect$$$$00002712  mc_w.l(entry2.o)
    0x08000144   0x00000024   Code   RO            4    .text               startup_stm32f10x_hd.o
    0x08000168   0x000001e0   Code   RO           24    .text               system_stm32f10x.o
    0x08000348   0x000000dc   Code   RO          121    .text               misc.o
    0x08000424   0x0000011c   Code   RO          233    .text               stm32f10x_exti.o
    0x08000540   0x0000035c   Code   RO          269    .text               stm32f10x_gpio.o
    0x0800089c   0x00000404   Code   RO          281    .text               stm32f10x_i2c.o
    0x08000ca0   0x000003a4   Code   RO          317    .text               stm32f10x_rcc.o
    0x08001044   0x00000e1a   Code   RO          367    .text               stm32f10x_tim.o
    0x08001e5e   0x00000002   PAD
    0x08001e60   0x00000408   Code   RO          379    .text               stm32f10x_usart.o
    0x08002268   0x00000b84   Code   RO          403    .text               main.o
    0x08002dec   0x000000f4   Code   RO          443    .text               stm32f10x_it.o
    0x08002ee0   0x0000041c   Code   RO          474    .text               oled_i2c.o
    0x080032fc   0x000000ec   Code   RO          491    .text               delay.o
    0x080033e8   0x00000024   Code   RO          546    .text               mc_w.l(memcpya.o)
    0x0800340c   0x00000024   Code   RO          548    .text               mc_w.l(memseta.o)
    0x08003430   0x00000024   Code   RO          550    .text               mc_w.l(strstr.o)
    0x08003454   0x00000018   Code   RO          552    .text               mc_w.l(strncpy.o)
    0x0800346c   0x00000014   Code   RO          554    .text               mc_w.l(strchr.o)
    0x08003480   0x00000044   Code   RO          556    .text               mc_w.l(strtok.o)
    0x080034c4   0x0000014e   Code   RO          825    .text               mf_w.l(dadd.o)
    0x08003612   0x000000e4   Code   RO          827    .text               mf_w.l(dmul.o)
    0x080036f6   0x000000de   Code   RO          829    .text               mf_w.l(ddiv.o)
    0x080037d4   0x00000022   Code   RO          831    .text               mf_w.l(dflti.o)
    0x080037f6   0x00000002   PAD
    0x080037f8   0x00000030   Code   RO          833    .text               mf_w.l(cdcmple.o)
    0x08003828   0x0000002c   Code   RO          882    .text               mc_w.l(uidiv.o)
    0x08003854   0x00000062   Code   RO          884    .text               mc_w.l(uldiv.o)
    0x080038b6   0x0000001e   Code   RO          886    .text               mc_w.l(llshl.o)
    0x080038d4   0x00000024   Code   RO          888    .text               mc_w.l(llsshr.o)
    0x080038f8   0x0000009c   Code   RO          897    .text               mc_w.l(strtod.o)
    0x08003994   0x00000000   Code   RO          899    .text               mc_w.l(iusefp.o)
    0x08003994   0x000000ba   Code   RO          900    .text               mf_w.l(depilogue.o)
    0x08003a4e   0x0000002e   Code   RO          902    .text               mf_w.l(dscalb.o)
    0x08003a7c   0x000000a2   Code   RO          904    .text               mf_w.l(dsqrt.o)
    0x08003b1e   0x00000030   Code   RO          906    .text               mf_w.l(dfixul.o)
    0x08003b4e   0x00000002   PAD
    0x08003b50   0x00000030   Code   RO          908    .text               mf_w.l(cdrcmple.o)
    0x08003b80   0x00000024   Code   RO          910    .text               mc_w.l(init.o)
    0x08003ba4   0x00000020   Code   RO          912    .text               mc_w.l(llushr.o)
    0x08003bc4   0x0000000a   Code   RO          914    .text               mc_w.l(isspace_c.o)
    0x08003bce   0x00000002   PAD
    0x08003bd0   0x00000338   Code   RO          916    .text               mc_w.l(scanf_fp.o)
    0x08003f08   0x00000040   Code   RO          920    .text               mc_w.l(_sgetc.o)
    0x08003f48   0x0000001a   Code   RO          922    .text               mf_w.l(dfltui.o)
    0x08003f62   0x0000003e   Code   RO          924    .text               mf_w.l(dfixi.o)
    0x08003fa0   0x00000028   Code   RO          926    .text               mc_w.l(ctype_c.o)
    0x08003fc8   0x00000018   Code   RO          929    .text               mf_w.l(dfltul.o)
    0x08003fe0   0x00000038   Code   RO          931    .text               mf_w.l(d2f.o)
    0x08004018   0x0000006e   Code   RO          933    .text               mf_w.l(fepilogue.o)
    0x08004086   0x00000056   Code   RO          943    .text               mc_w.l(__dczerorl2.o)
    0x080040dc   0x00000020   Code   RO          797    i.__0printf         mc_w.l(printfa.o)
    0x080040fc   0x00000028   Code   RO          798    i.__0snprintf       mc_w.l(printfa.o)
    0x08004124   0x00000028   Code   RO          852    i.__ARM_fpclassify  m_ws.l(fpclassify.o)
    0x0800414c   0x00000388   Code   RO          856    i.__ieee754_rem_pio2  m_ws.l(rred.o)
    0x080044d4   0x000000fc   Code   RO          835    i.__kernel_cos      m_ws.l(cos_i.o)
    0x080045d0   0x000000aa   Code   RO          854    i.__kernel_poly     m_ws.l(poly.o)
    0x0800467a   0x00000002   PAD
    0x0800467c   0x000000ec   Code   RO          861    i.__kernel_sin      m_ws.l(sin_i.o)
    0x08004768   0x00000006   Code   RO          839    i.__mathlib_dbl_infnan  m_ws.l(dunder.o)
    0x0800476e   0x0000000c   Code   RO          841    i.__mathlib_dbl_invalid  m_ws.l(dunder.o)
    0x0800477a   0x00000002   PAD
    0x0800477c   0x00000010   Code   RO          844    i.__mathlib_dbl_underflow  m_ws.l(dunder.o)
    0x0800478c   0x0000000e   Code   RO          937    i.__scatterload_copy  mc_w.l(handlers.o)
    0x0800479a   0x00000002   Code   RO          938    i.__scatterload_null  mc_w.l(handlers.o)
    0x0800479c   0x0000000e   Code   RO          939    i.__scatterload_zeroinit  mc_w.l(handlers.o)
    0x080047aa   0x00000002   PAD
    0x080047ac   0x0000000c   Code   RO          892    i.__set_errno       mc_w.l(errno.o)
    0x080047b8   0x00000164   Code   RO          804    i._fp_digits        mc_w.l(printfa.o)
    0x0800491c   0x0000000e   Code   RO          918    i._is_digit         mc_w.l(scanf_fp.o)
    0x0800492a   0x00000002   PAD
    0x0800492c   0x000006dc   Code   RO          805    i._printf_core      mc_w.l(printfa.o)
    0x08005008   0x00000024   Code   RO          806    i._printf_post_padding  mc_w.l(printfa.o)
    0x0800502c   0x0000002e   Code   RO          807    i._printf_pre_padding  mc_w.l(printfa.o)
    0x0800505a   0x00000016   Code   RO          808    i._snputc           mc_w.l(printfa.o)
    0x08005070   0x00000270   Code   RO          506    i.asin              m_ws.l(asin.o)
    0x080052e0   0x0000009c   Code   RO          516    i.cos               m_ws.l(cos.o)
    0x0800537c   0x000000a0   Code   RO          524    i.sin               m_ws.l(sin.o)
    0x0800541c   0x0000004c   Code   RO          532    i.sqrt              m_ws.l(sqrt.o)
    0x08005468   0x0000001c   Code   RO          540    i.strtod            m_ws.l(strtod.o)
    0x08005484   0x00000818   Data   RO          475    .constdata          oled_i2c.o
    0x08005c9c   0x00000004   PAD
    0x08005ca0   0x00000050   Data   RO          507    .constdata          m_ws.l(asin.o)
    0x08005cf0   0x00000030   Data   RO          836    .constdata          m_ws.l(cos_i.o)
    0x08005d20   0x000000c8   Data   RO          858    .constdata          m_ws.l(rred.o)
    0x08005de8   0x00000028   Data   RO          862    .constdata          m_ws.l(sin_i.o)
    0x08005e10   0x00000040   Data   RO          927    .constdata          mc_w.l(ctype_c.o)
    0x08005e50   0x00000020   Data   RO          935    Region$$Table       anon$$obj.o


    Execution Region RW_IRAM1 (Base: 0x20000000, Size: 0x00003fb0, Max: 0x00005000, ABSOLUTE, COMPRESSED[0x000001c4])

    Base Addr    Size         Type   Attr      Idx    E Section Name        Object

    0x20000000   0x00000014   Data   RW           25    .data               system_stm32f10x.o
    0x20000014   0x00000014   Data   RW          318    .data               stm32f10x_rcc.o
    0x20000028   0x00000024   Data   RW          405    .data               main.o
    0x2000004c   0x000004a0   Data   RW          476    .data               oled_i2c.o
    0x200004ec   0x00000004   Data   RW          492    .data               delay.o
    0x200004f0   0x00000004   Data   RW          557    .data               mc_w.l(strtok.o)
    0x200004f4   0x00000004   Data   RW          881    .data               mc_w.l(stdout.o)
    0x200004f8   0x00000004   Data   RW          893    .data               mc_w.l(errno.o)
    0x200004fc   0x00000004   PAD
    0x20000500   0x000036b0   Zero   RW          404    .bss                main.o
    0x20003bb0   0x00000400   Zero   RW            1    STACK               startup_stm32f10x_hd.o


==============================================================================

Image component sizes


      Code (inc. data)   RO Data    RW Data    ZI Data      Debug   Object Name

         0          0          0          0          0       4504   core_cm3.o
       236         16          0          4          0       1139   delay.o
      2948        510          0         36      14000      22303   main.o
       220         22          0          0          0       1717   misc.o
      1052         34       2072       1184          0       3785   oled_i2c.o
        36          8        304          0       1024        832   startup_stm32f10x_hd.o
       284         10          0          0          0       2155   stm32f10x_exti.o
       860         38          0          0          0       5561   stm32f10x_gpio.o
      1028         16          0          0          0       9023   stm32f10x_i2c.o
       244         40          0          0          0       1727   stm32f10x_it.o
       932         36          0         20          0       8696   stm32f10x_rcc.o
      3610         88          0          0          0      22052   stm32f10x_tim.o
      1032         22          0          0          0       8288   stm32f10x_usart.o
       480         38          0         20          0     258595   system_stm32f10x.o

    ----------------------------------------------------------------------
     12964        878       2412       1264      15024     350377   Object Totals
         0          0         32          0          0          0   (incl. Generated)
         2          0          4          0          0          0   (incl. Padding)

    ----------------------------------------------------------------------

      Code (inc. data)   RO Data    RW Data    ZI Data      Debug   Library Member Name

       624         52         80          0          0        168   asin.o
       156          8          0          0          0        104   cos.o
       252         22         48          0          0        124   cos_i.o
        34          6          0          0          0        204   dunder.o
        40          0          0          0          0         68   fpclassify.o
       170          0          0          0          0         96   poly.o
       904         76        200          0          0        140   rred.o
       160         10          0          0          0        108   sin.o
       236         12         40          0          0        128   sin_i.o
        76          0          0          0          0         84   sqrt.o
        28          0          0          0          0         80   strtod.o
        86          0          0          0          0          0   __dczerorl2.o
        64          0          0          0          0         84   _sgetc.o
        40          6         64          0          0         68   ctype_c.o
         0          0          0          0          0          0   entry.o
         0          0          0          0          0          0   entry10a.o
         0          0          0          0          0          0   entry11a.o
         8          4          0          0          0          0   entry2.o
         4          0          0          0          0          0   entry5.o
         0          0          0          0          0          0   entry7b.o
         0          0          0          0          0          0   entry8b.o
         8          4          0          0          0          0   entry9a.o
        12          6          0          4          0         68   errno.o
        30          0          0          0          0          0   handlers.o
        36          8          0          0          0         68   init.o
        10          0          0          0          0         68   isspace_c.o
         0          0          0          0          0          0   iusefp.o
        30          0          0          0          0         68   llshl.o
        36          0          0          0          0         68   llsshr.o
        32          0          0          0          0         68   llushr.o
        36          0          0          0          0         68   memcpya.o
        36          0          0          0          0        108   memseta.o
      2288         94          0          0          0        596   printfa.o
       838         12          0          0          0        216   scanf_fp.o
         0          0          0          4          0          0   stdout.o
        20          0          0          0          0         68   strchr.o
        24          0          0          0          0         76   strncpy.o
        36          0          0          0          0         80   strstr.o
       156         14          0          0          0        120   strtod.o
        68          6          0          4          0         80   strtok.o
        44          0          0          0          0         80   uidiv.o
        98          0          0          0          0         92   uldiv.o
        48          0          0          0          0         68   cdcmple.o
        48          0          0          0          0         68   cdrcmple.o
        56          0          0          0          0         88   d2f.o
       334          0          0          0          0        148   dadd.o
       222          0          0          0          0        100   ddiv.o
       186          0          0          0          0        176   depilogue.o
        62          0          0          0          0         80   dfixi.o
        48          0          0          0          0         68   dfixul.o
        34          0          0          0          0         76   dflti.o
        26          0          0          0          0         76   dfltui.o
        24          0          0          0          0         76   dfltul.o
       228          0          0          0          0         96   dmul.o
        46          0          0          0          0         80   dscalb.o
       162          0          0          0          0        100   dsqrt.o
       110          0          0          0          0        168   fepilogue.o

    ----------------------------------------------------------------------
      8368        340        432         12          4       4916   Library Totals
        14          0          0          0          4          0   (incl. Padding)

    ----------------------------------------------------------------------

      Code (inc. data)   RO Data    RW Data    ZI Data      Debug   Library Name

      2680        186        368          0          0       1304   m_ws.l
      4040        154         64         12          0       2144   mc_w.l
      1634          0          0          0          0       1468   mf_w.l

    ----------------------------------------------------------------------
      8368        340        432         12          4       4916   Library Totals

    ----------------------------------------------------------------------

==============================================================================


      Code (inc. data)   RO Data    RW Data    ZI Data      Debug   

     21332       1218       2844       1276      15028     351677   Grand Totals
     21332       1218       2844        452      15028     351677   ELF Image Totals (compressed)
     21332       1218       2844        452          0          0   ROM Totals

==============================================================================

    Total RO  Size (Code + RO Data)                24176 (  23.61kB)
    Total RW  Size (RW Data + ZI Data)             16304 (  15.92kB)
    Total ROM Size (Code + RO Data + RW Data)      24628 (  24.05kB)

==============================================================================

